Product: MDK-ARM Professional 5.10
Component: ARM Compiler 5.04 update 1 (build 49)
Tool: armlink [5040049]

==============================================================================

Section Cross References

    main.o(.text) refers to stm32f4xx_rcc.o(.text) for RCC_AHB1PeriphClockCmd
    main.o(.text) refers to stm32f4xx_gpio.o(.text) for GPIO_Init
    main.o(.text) refers to delay.o(.text) for delay_ms
    main.o(.text) refers to misc.o(.text) for NVIC_PriorityGroupConfig
    main.o(.text) refers to usart.o(.text) for uart_init
    main.o(.text) refers to adc.o(.text) for Adc_Init
    main.o(.text) refers to i2c3_master.o(.text) for I2C2_Init
    main.o(.text) refers to noretval__2printf.o(.text) for __2printf
    main.o(.text) refers to stm32f4xx_usart.o(.text) for USART_SendData
    main.o(.text) refers to usart.o(.data) for USART_RX_STA
    main.o(.text) refers to usart.o(.bss) for USART_RX_BUF
    main.o(.text) refers to i2c3_master.o(.bss) for Txbuf
    system_stm32f4xx.o(.text) refers to system_stm32f4xx.o(.data) for SystemCoreClock
    stm32f4xx_adc.o(.text) refers to stm32f4xx_rcc.o(.text) for RCC_APB2PeriphResetCmd
    stm32f4xx_can.o(.text) refers to stm32f4xx_rcc.o(.text) for RCC_APB1PeriphResetCmd
    stm32f4xx_cryp.o(.text) refers to stm32f4xx_rcc.o(.text) for RCC_AHB2PeriphResetCmd
    stm32f4xx_cryp_aes.o(.text) refers to stm32f4xx_cryp.o(.text) for CRYP_KeyStructInit
    stm32f4xx_cryp_des.o(.text) refers to stm32f4xx_cryp.o(.text) for CRYP_KeyStructInit
    stm32f4xx_cryp_tdes.o(.text) refers to stm32f4xx_cryp.o(.text) for CRYP_KeyStructInit
    stm32f4xx_dac.o(.text) refers to stm32f4xx_rcc.o(.text) for RCC_APB1PeriphResetCmd
    stm32f4xx_dma2d.o(.text) refers to stm32f4xx_rcc.o(.text) for RCC_AHB1PeriphResetCmd
    stm32f4xx_fsmc.o(.text) refers to stm32f4xx_fsmc.o(.constdata) for FSMC_DefaultTimingStruct
    stm32f4xx_gpio.o(.text) refers to stm32f4xx_rcc.o(.text) for RCC_AHB1PeriphResetCmd
    stm32f4xx_hash.o(.text) refers to stm32f4xx_rcc.o(.text) for RCC_AHB2PeriphResetCmd
    stm32f4xx_hash_md5.o(.text) refers to stm32f4xx_hash.o(.text) for HASH_DeInit
    stm32f4xx_hash_sha1.o(.text) refers to stm32f4xx_hash.o(.text) for HASH_DeInit
    stm32f4xx_i2c.o(.text) refers to stm32f4xx_rcc.o(.text) for RCC_APB1PeriphResetCmd
    stm32f4xx_ltdc.o(.text) refers to stm32f4xx_rcc.o(.text) for RCC_APB2PeriphResetCmd
    stm32f4xx_pwr.o(.text) refers to stm32f4xx_rcc.o(.text) for RCC_APB1PeriphResetCmd
    stm32f4xx_rcc.o(.text) refers to stm32f4xx_rcc.o(.data) for APBAHBPrescTable
    stm32f4xx_rng.o(.text) refers to stm32f4xx_rcc.o(.text) for RCC_AHB2PeriphResetCmd
    stm32f4xx_sai.o(.text) refers to stm32f4xx_rcc.o(.text) for RCC_APB2PeriphResetCmd
    stm32f4xx_sdio.o(.text) refers to stm32f4xx_rcc.o(.text) for RCC_APB2PeriphResetCmd
    stm32f4xx_spi.o(.text) refers to stm32f4xx_rcc.o(.text) for RCC_APB2PeriphResetCmd
    stm32f4xx_syscfg.o(.text) refers to stm32f4xx_rcc.o(.text) for RCC_APB2PeriphResetCmd
    stm32f4xx_tim.o(.text) refers to stm32f4xx_rcc.o(.text) for RCC_APB2PeriphResetCmd
    stm32f4xx_usart.o(.text) refers to stm32f4xx_rcc.o(.text) for RCC_APB2PeriphResetCmd
    stm32f4xx_wwdg.o(.text) refers to stm32f4xx_rcc.o(.text) for RCC_APB1PeriphResetCmd
    startup_stm32f40_41xxx.o(STACK) refers (Special) to heapauxi.o(.text) for __use_two_region_memory
    startup_stm32f40_41xxx.o(HEAP) refers (Special) to heapauxi.o(.text) for __use_two_region_memory
    startup_stm32f40_41xxx.o(RESET) refers (Special) to heapauxi.o(.text) for __use_two_region_memory
    startup_stm32f40_41xxx.o(RESET) refers to startup_stm32f40_41xxx.o(STACK) for __initial_sp
    startup_stm32f40_41xxx.o(RESET) refers to startup_stm32f40_41xxx.o(.text) for Reset_Handler
    startup_stm32f40_41xxx.o(RESET) refers to stm32f4xx_it.o(.text) for NMI_Handler
    startup_stm32f40_41xxx.o(RESET) refers to cpal_i2c.o(.text) for SysTick_Handler
    startup_stm32f40_41xxx.o(RESET) refers to cpal_i2c_hal_stm32f4xx.o(.text) for DMA1_Stream3_IRQHandler
    startup_stm32f40_41xxx.o(RESET) refers to timer.o(.text) for TIM3_IRQHandler
    startup_stm32f40_41xxx.o(RESET) refers to usart.o(.text) for USART1_IRQHandler
    startup_stm32f40_41xxx.o(.text) refers (Special) to heapauxi.o(.text) for __use_two_region_memory
    startup_stm32f40_41xxx.o(.text) refers to system_stm32f4xx.o(.text) for SystemInit
    startup_stm32f40_41xxx.o(.text) refers to __main.o(!!!main) for __main
    startup_stm32f40_41xxx.o(.text) refers to startup_stm32f40_41xxx.o(HEAP) for Heap_Mem
    startup_stm32f40_41xxx.o(.text) refers to startup_stm32f40_41xxx.o(STACK) for Stack_Mem
    delay.o(.text) refers to misc.o(.text) for SysTick_CLKSourceConfig
    delay.o(.text) refers to delay.o(.data) for fac_us
    usart.o(.rev16_text) refers (Special) to use_no_semi_2.o(.text) for __use_no_semihosting
    usart.o(.revsh_text) refers (Special) to use_no_semi_2.o(.text) for __use_no_semihosting
[...]
    ..\FWLIB\src\stm32f4xx_usart.c           0x00000000   Number         0  stm32f4xx_usart.o ABSOLUTE
    ..\FWLIB\src\stm32f4xx_wwdg.c            0x00000000   Number         0  stm32f4xx_wwdg.o ABSOLUTE
    ..\HARDWARE\ADC\adc.c                    0x00000000   Number         0  adc.o ABSOLUTE
    ..\HARDWARE\FRAM\FRAM.c                  0x00000000   Number         0  fram.o ABSOLUTE
    ..\HARDWARE\FRAM_IIC2\FRAM_IIC2.c        0x00000000   Number         0  fram_iic2.o ABSOLUTE
    ..\HARDWARE\TIMER\timer.c                0x00000000   Number         0  timer.o ABSOLUTE
    ..\STM32_CPAL_DRIVE\I2C3_Master.c        0x00000000   Number         0  i2c3_master.o ABSOLUTE
    ..\STM32_CPAL_DRIVE\STM32_CPAL_Driver\devices\stm32f4xx\cpal_i2c_hal_stm32f4xx.c 0x00000000   Number         0  cpal_i2c_hal_stm32f4xx.o ABSOLUTE
    ..\STM32_CPAL_DRIVE\STM32_CPAL_Driver\src\cpal_hal.c 0x00000000   Number         0  cpal_hal.o ABSOLUTE
    ..\STM32_CPAL_DRIVE\STM32_CPAL_Driver\src\cpal_i2c.c 0x00000000   Number         0  cpal_i2c.o ABSOLUTE
    ..\STM32_CPAL_DRIVE\cpal_usercallback.c  0x00000000   Number         0  cpal_usercallback.o ABSOLUTE
    ..\SYSTEM\delay\delay.c                  0x00000000   Number         0  delay.o ABSOLUTE
    ..\SYSTEM\sys\sys.c                      0x00000000   Number         0  sys.o ABSOLUTE
    ..\SYSTEM\usart\usart.c                  0x00000000   Number         0  usart.o ABSOLUTE
    ..\\FWLIB\\src\\misc.c                   0x00000000   Number         0  misc.o ABSOLUTE
    ..\\FWLIB\\src\\stm32f4xx_adc.c          0x00000000   Number         0  stm32f4xx_adc.o ABSOLUTE
    ..\\FWLIB\\src\\stm32f4xx_can.c          0x00000000   Number         0  stm32f4xx_can.o ABSOLUTE
    ..\\FWLIB\\src\\stm32f4xx_crc.c          0x00000000   Number         0  stm32f4xx_crc.o ABSOLUTE
    ..\\FWLIB\\src\\stm32f4xx_cryp.c         0x00000000   Number         0  stm32f4xx_cryp.o ABSOLUTE
    ..\\FWLIB\\src\\stm32f4xx_cryp_aes.c     0x00000000   Number         0  stm32f4xx_cryp_aes.o ABSOLUTE
    ..\\FWLIB\\src\\stm32f4xx_cryp_des.c     0x00000000   Number         0  stm32f4xx_cryp_des.o ABSOLUTE
    ..\\FWLIB\\src\\stm32f4xx_cryp_tdes.c    0x00000000   Number         0  stm32f4xx_cryp_tdes.o ABSOLUTE
    ..\\FWLIB\\src\\stm32f4xx_dac.c          0x00000000   Number         0  stm32f4xx_dac.o ABSOLUTE
    ..\\FWLIB\\src\\stm32f4xx_dbgmcu.c       0x00000000   Number         0  stm32f4xx_dbgmcu.o ABSOLUTE
    ..\\FWLIB\\src\\stm32f4xx_dcmi.c         0x00000000   Number         0  stm32f4xx_dcmi.o ABSOLUTE
    ..\\FWLIB\\src\\stm32f4xx_dma.c          0x00000000   Number         0  stm32f4xx_dma.o ABSOLUTE
    ..\\FWLIB\\src\\stm32f4xx_dma2d.c        0x00000000   Number         0  stm32f4xx_dma2d.o ABSOLUTE
    ..\\FWLIB\\src\\stm32f4xx_exti.c         0x00000000   Number         0  stm32f4xx_exti.o ABSOLUTE
    ..\\FWLIB\\src\\stm32f4xx_flash.c        0x00000000   Number         0  stm32f4xx_flash.o ABSOLUTE
    ..\\FWLIB\\src\\stm32f4xx_flash_ramfunc.c 0x00000000   Number         0  stm32f4xx_flash_ramfunc.o ABSOLUTE
    ..\\FWLIB\\src\\stm32f4xx_fsmc.c         0x00000000   Number         0  stm32f4xx_fsmc.o ABSOLUTE
    ..\\FWLIB\\src\\stm32f4xx_gpio.c         0x00000000   Number         0  stm32f4xx_gpio.o ABSOLUTE
    ..\\FWLIB\\src\\stm32f4xx_hash.c         0x00000000   Number         0  stm32f4xx_hash.o ABSOLUTE
    ..\\FWLIB\\src\\stm32f4xx_hash_md5.c     0x00000000   Number         0  stm32f4xx_hash_md5.o ABSOLUTE
    ..\\FWLIB\\src\\stm32f4xx_hash_sha1.c    0x00000000   Number         0  stm32f4xx_hash_sha1.o ABSOLUTE
    ..\\FWLIB\\src\\stm32f4xx_i2c.c          0x00000000   Number         0  stm32f4xx_i2c.o ABSOLUTE
    ..\\FWLIB\\src\\stm32f4xx_iwdg.c         0x00000000   Number         0  stm32f4xx_iwdg.o ABSOLUTE
    ..\\FWLIB\\src\\stm32f4xx_ltdc.c         0x00000000   Number         0  stm32f4xx_ltdc.o ABSOLUTE
    ..\\FWLIB\\src\\stm32f4xx_pwr.c          0x00000000   Number         0  stm32f4xx_pwr.o ABSOLUTE
    ..\\FWLIB\\src\\stm32f4xx_rcc.c          0x00000000   Number         0  stm32f4xx_rcc.o ABSOLUTE
    ..\\FWLIB\\src\\stm32f4xx_rng.c          0x00000000   Number         0  stm32f4xx_rng.o ABSOLUTE
    ..\\FWLIB\\src\\stm32f4xx_rtc.c          0x00000000   Number         0  stm32f4xx_rtc.o ABSOLUTE
    ..\\FWLIB\\src\\stm32f4xx_sai.c          0x00000000   Number         0  stm32f4xx_sai.o ABSOLUTE
    ..\\FWLIB\\src\\stm32f4xx_sdio.c         0x00000000   Number         0  stm32f4xx_sdio.o ABSOLUTE
    ..\\FWLIB\\src\\stm32f4xx_spi.c          0x00000000   Number         0  stm32f4xx_spi.o ABSOLUTE
    ..\\FWLIB\\src\\stm32f4xx_syscfg.c       0x00000000   Number         0  stm32f4xx_syscfg.o ABSOLUTE
    ..\\FWLIB\\src\\stm32f4xx_tim.c          0x00000000   Number         0  stm32f4xx_tim.o ABSOLUTE
    ..\\FWLIB\\src\\stm32f4xx_usart.c        0x00000000   Number         0  stm32f4xx_usart.o ABSOLUTE
    ..\\FWLIB\\src\\stm32f4xx_wwdg.c         0x00000000   Number         0  stm32f4xx_wwdg.o ABSOLUTE
    ..\\HARDWARE\\ADC\\adc.c                 0x00000000   Number         0  adc.o ABSOLUTE
    ..\\HARDWARE\\FRAM\\FRAM.c               0x00000000   Number         0  fram.o ABSOLUTE
    ..\\HARDWARE\\FRAM_IIC2\\FRAM_IIC2.c     0x00000000   Number         0  fram_iic2.o ABSOLUTE
    ..\\HARDWARE\\TIMER\\timer.c             0x00000000   Number         0  timer.o ABSOLUTE
    ..\\STM32_CPAL_DRIVE\\I2C3_Master.c      0x00000000   Number         0  i2c3_master.o ABSOLUTE
    ..\\STM32_CPAL_DRIVE\\STM32_CPAL_Driver\\devices\\stm32f4xx\\cpal_i2c_hal_stm32f4xx.c 0x00000000   Number         0  cpal_i2c_hal_stm32f4xx.o ABSOLUTE
    ..\\STM32_CPAL_DRIVE\\STM32_CPAL_Driver\\src\\cpal_hal.c 0x00000000   Number         0  cpal_hal.o ABSOLUTE
    ..\\STM32_CPAL_DRIVE\\STM32_CPAL_Driver\\src\\cpal_i2c.c 0x00000000   Number         0  cpal_i2c.o ABSOLUTE
    ..\\STM32_CPAL_DRIVE\\cpal_usercallback.c 0x00000000   Number         0  cpal_usercallback.o ABSOLUTE
    ..\\SYSTEM\\delay\\delay.c               0x00000000   Number         0  delay.o ABSOLUTE
    ..\\SYSTEM\\sys\\sys.c                   0x00000000   Number         0  sys.o ABSOLUTE
    ..\\SYSTEM\\usart\\usart.c               0x00000000   Number         0  usart.o ABSOLUTE
    dc.s                                     0x00000000   Number         0  dc.o ABSOLUTE
    main.c                                   0x00000000   Number         0  main.o ABSOLUTE
    main.c                                   0x00000000   Number         0  main.o ABSOLUTE
    stm32f4xx_it.c                           0x00000000   Number         0  stm32f4xx_it.o ABSOLUTE
    stm32f4xx_it.c                           0x00000000   Number         0  stm32f4xx_it.o ABSOLUTE
    system_stm32f4xx.c                       0x00000000   Number         0  system_stm32f4xx.o ABSOLUTE
    system_stm32f4xx.c                       0x00000000   Number         0  system_stm32f4xx.o ABSOLUTE
    RESET                                    0x08000000   Section      392  startup_stm32f40_41xxx.o(RESET)
    !!!main                                  0x08000188   Section        8  __main.o(!!!main)
    !!!scatter                               0x08000190   Section       52  __scatter.o(!!!scatter)
    !!handler_copy                           0x080001c4   Section       26  __scatter_copy.o(!!handler_copy)
    !!handler_zi                             0x080001e0   Section       28  __scatter_zi.o(!!handler_zi)
    .ARM.Collect$$libinit$$00000000          0x080001fc   Section        2  libinit.o(.ARM.Collect$$libinit$$00000000)
    .ARM.Collect$$libinit$$00000001          0x080001fe   Section        4  libinit2.o(.ARM.Collect$$libinit$$00000001)
    .ARM.Collect$$libinit$$00000008          0x08000202   Section        0  libinit2.o(.ARM.Collect$$libinit$$00000008)
    .ARM.Collect$$libinit$$0000000A          0x08000202   Section        0  libinit2.o(.ARM.Collect$$libinit$$0000000A)
    .ARM.Collect$$libinit$$0000000C          0x08000202   Section        0  libinit2.o(.ARM.Collect$$libinit$$0000000C)
    .ARM.Collect$$libinit$$0000000F          0x08000202   Section        0  libinit2.o(.ARM.Collect$$libinit$$0000000F)
    .ARM.Collect$$libinit$$00000011          0x08000202   Section        0  libinit2.o(.ARM.Collect$$libinit$$00000011)
    .ARM.Collect$$libinit$$00000013          0x08000202   Section        0  libinit2.o(.ARM.Collect$$libinit$$00000013)
    .ARM.Collect$$libinit$$00000015          0x08000202   Section        0  libinit2.o(.ARM.Collect$$libinit$$00000015)
    .ARM.Collect$$libinit$$00000017          0x08000202   Section        0  libinit2.o(.ARM.Collect$$libinit$$00000017)
    .ARM.Collect$$libinit$$00000019          0x08000202   Section        0  libinit2.o(.ARM.Collect$$libinit$$00000019)
    .ARM.Collect$$libinit$$0000001B          0x08000202   Section        0  libinit2.o(.ARM.Collect$$libinit$$0000001B)
    .ARM.Collect$$libinit$$0000001D          0x08000202   Section        0  libinit2.o(.ARM.Collect$$libinit$$0000001D)
    .ARM.Collect$$libinit$$0000001F          0x08000202   Section        0  libinit2.o(.ARM.Collect$$libinit$$0000001F)
    .ARM.Collect$$libinit$$00000021          0x08000202   Section        0  libinit2.o(.ARM.Collect$$libinit$$00000021)
    .ARM.Collect$$libinit$$00000023          0x08000202   Section        0  libinit2.o(.ARM.Collect$$libinit$$00000023)
    .ARM.Collect$$libinit$$0000002A          0x08000202   Section        0  libinit2.o(.ARM.Collect$$libinit$$0000002A)
    .ARM.Collect$$libinit$$0000002C          0x08000202   Section        0  libinit2.o(.ARM.Collect$$libinit$$0000002C)
    .ARM.Collect$$libinit$$0000002E          0x08000202   Section        0  libinit2.o(.ARM.Collect$$libinit$$0000002E)
    .ARM.Collect$$libinit$$00000030          0x08000202   Section        0  libinit2.o(.ARM.Collect$$libinit$$00000030)
    .ARM.Collect$$libinit$$00000031          0x08000202   Section        2  libinit2.o(.ARM.Collect$$libinit$$00000031)
    .ARM.Collect$$libshutdown$$00000000      0x08000204   Section        2  libshutdown.o(.ARM.Collect$$libshutdown$$00000000)
    .ARM.Collect$$libshutdown$$00000003      0x08000206   Section        0  libshutdown2.o(.ARM.Collect$$libshutdown$$00000003)
    .ARM.Collect$$libshutdown$$00000006      0x08000206   Section        0  libshutdown2.o(.ARM.Collect$$libshutdown$$00000006)
    .ARM.Collect$$libshutdown$$00000009      0x08000206   Section        0  libshutdown2.o(.ARM.Collect$$libshutdown$$00000009)
    .ARM.Collect$$libshutdown$$0000000B      0x08000206   Section        0  libshutdown2.o(.ARM.Collect$$libshutdown$$0000000B)
    .ARM.Collect$$libshutdown$$0000000E      0x08000206   Section        0  libshutdown2.o(.ARM.Collect$$libshutdown$$0000000E)
    .ARM.Collect$$libshutdown$$0000000F      0x08000206   Section        2  libshutdown2.o(.ARM.Collect$$libshutdown$$0000000F)
    .ARM.Collect$$rtentry$$00000000          0x08000208   Section        0  rtentry.o(.ARM.Collect$$rtentry$$00000000)
    .ARM.Collect$$rtentry$$00000002          0x08000208   Section        0  rtentry2.o(.ARM.Collect$$rtentry$$00000002)
    .ARM.Collect$$rtentry$$00000004          0x08000208   Section        6  rtentry4.o(.ARM.Collect$$rtentry$$00000004)
    .ARM.Collect$$rtentry$$00000009          0x0800020e   Section        0  rtentry2.o(.ARM.Collect$$rtentry$$00000009)
    .ARM.Collect$$rtentry$$0000000A          0x0800020e   Section        4  rtentry2.o(.ARM.Collect$$rtentry$$0000000A)
    .ARM.Collect$$rtentry$$0000000C          0x08000212   Section        0  rtentry2.o(.ARM.Collect$$rtentry$$0000000C)
    .ARM.Collect$$rtentry$$0000000D          0x08000212   Section        8  rtentry2.o(.ARM.Collect$$rtentry$$0000000D)
    .ARM.Collect$$rtexit$$00000000           0x0800021a   Section        2  rtexit.o(.ARM.Collect$$rtexit$$00000000)
    .ARM.Collect$$rtexit$$00000002           0x0800021c   Section        0  rtexit2.o(.ARM.Collect$$rtexit$$00000002)
    .ARM.Collect$$rtexit$$00000003           0x0800021c   Section        4  rtexit2.o(.ARM.Collect$$rtexit$$00000003)
    .ARM.Collect$$rtexit$$00000004           0x08000220   Section        6  rtexit2.o(.ARM.Collect$$rtexit$$00000004)
    .text                                    0x08000228   Section        0  main.o(.text)
    .text                                    0x080003ac   Section        0  stm32f4xx_it.o(.text)
    .text                                    0x080003c4   Section        0  system_stm32f4xx.o(.text)
    SetSysClock                              0x080003c5   Thumb Code   220  system_stm32f4xx.o(.text)
    .text                                    0x080005d4   Section        0  misc.o(.text)
    .text                                    0x080006b4   Section        0  stm32f4xx_adc.o(.text)
    .text                                    0x08000b18   Section        0  stm32f4xx_dma.o(.text)
    .text                                    0x08000ec0   Section        0  stm32f4xx_gpio.o(.text)
    .text                                    0x08001154   Section        0  stm32f4xx_i2c.o(.text)
    .text                                    0x080015ac   Section        0  stm32f4xx_rcc.o(.text)
    .text                                    0x08001c08   Section        0  stm32f4xx_tim.o(.text)
    TI4_Config                               0x080023a7   Thumb Code    80  stm32f4xx_tim.o(.text)
    TI3_Config                               0x08002409   Thumb Code    72  stm32f4xx_tim.o(.text)
    TI2_Config                               0x0800246b   Thumb Code    90  stm32f4xx_tim.o(.text)
    TI1_Config                               0x080024d7   Thumb Code    58  stm32f4xx_tim.o(.text)
    .text                                    0x080028ac   Section        0  stm32f4xx_usart.o(.text)
    .text                                    0x08002d00   Section       64  startup_stm32f40_41xxx.o(.text)
    $v0                                      0x08002d00   Number         0  startup_stm32f40_41xxx.o(.text)
    .text                                    0x08002d40   Section        0  delay.o(.text)
    .text                                    0x08002e44   Section        0  usart.o(.text)
    .text                                    0x08002f9c   Section        0  timer.o(.text)
    .text                                    0x0800307c   Section        0  adc.o(.text)
    .text                                    0x08003228   Section        0  cpal_usercallback.o(.text)
    .text                                    0x080032ac   Section        0  cpal_hal.o(.text)
    .text                                    0x080032b8   Section        0  cpal_i2c.o(.text)
    NVIC_SetPriority                         0x080032b9   Thumb Code    32  cpal_i2c.o(.text)
    CPAL_I2C_Timeout                         0x0800360d   Thumb Code    26  cpal_i2c.o(.text)
    I2C_SLAVE_STOP_Handle                    0x08003b69   Thumb Code   256  cpal_i2c.o(.text)
    I2C_SLAVE_ADDR_Handle                    0x08003c69   Thumb Code    66  cpal_i2c.o(.text)
    I2C_MASTER_RXNE_Handle                   0x08003cab   Thumb Code   838  cpal_i2c.o(.text)
    I2C_MASTER_ADDR_Handle                   0x08003ff1   Thumb Code   444  cpal_i2c.o(.text)
    I2C_MASTER_START_Handle                  0x080041ad   Thumb Code    82  cpal_i2c.o(.text)
    .text                                    0x08004970   Section        0  cpal_i2c_hal_stm32f4xx.o(.text)
    .text                                    0x08004e04   Section        0  i2c3_master.o(.text)
    .text                                    0x08005074   Section        2  use_no_semi_2.o(.text)
    .text                                    0x08005078   Section        0  noretval__2printf.o(.text)
    .text                                    0x08005090   Section        0  heapauxi.o(.text)
    .text                                    0x08005096   Section        2  use_no_semi.o(.text)
    .text                                    0x08005098   Section        0  _printf_char_file.o(.text)
    .text                                    0x080050bc   Section        0  _printf_char_common.o(.text)
    _printf_input_char                       0x080050bd   Thumb Code    10  _printf_char_common.o(.text)
    .text                                    0x080050ec   Section        0  ferror.o(.text)
    .text                                    0x080050f4   Section       74  sys_stackheap_outer.o(.text)
    .text                                    0x0800513e   Section        0  __printf_nopercent.o(.text)
    .text                                    0x08005166   Section        0  exit.o(.text)
    .text                                    0x08005174   Section        8  libspace.o(.text)
    x$fpl$fpinit                             0x0800517c   Section       10  fpinit.o(x$fpl$fpinit)
    $v0                                      0x0800517c   Number         0  fpinit.o(x$fpl$fpinit)
    .constdata                               0x08005188   Section      220  cpal_i2c_hal_stm32f4xx.o(.constdata)
    .data                                    0x20000000   Section       20  system_stm32f4xx.o(.data)
    .data                                    0x20000014   Section       16  stm32f4xx_rcc.o(.data)
    APBAHBPrescTable                         0x20000014   Data          16  stm32f4xx_rcc.o(.data)
    .data                                    0x20000024   Section        4  delay.o(.data)
    fac_us                                   0x20000024   Data           1  delay.o(.data)
    fac_ms                                   0x20000026   Data           2  delay.o(.data)
    .data                                    0x20000028   Section       10  usart.o(.data)
    .data                                    0x20000034   Section      116  cpal_i2c_hal_stm32f4xx.o(.data)
    .data                                    0x200000a8   Section       17  i2c3_master.o(.data)
    flag                                     0x200000b8   Data           1  i2c3_master.o(.data)
    .bss                                     0x200000bc   Section      200  usart.o(.bss)
    .bss                                     0x20000184   Section       10  adc.o(.bss)
    .bss                                     0x20000190   Section       16  cpal_i2c.o(.bss)
    .bss                                     0x200001a0   Section       60  cpal_i2c_hal_stm32f4xx.o(.bss)
    .bss                                     0x200001dc   Section      360  i2c3_master.o(.bss)
    .bss                                     0x20000344   Section       96  libspace.o(.bss)
    HEAP                                     0x200003a8   Section      512  startup_stm32f40_41xxx.o(HEAP)
    Heap_Mem                                 0x200003a8   Data         512  startup_stm32f40_41xxx.o(HEAP)
    STACK                                    0x200005a8   Section     1024  startup_stm32f40_41xxx.o(STACK)
    Stack_Mem                                0x200005a8   Data        1024  startup_stm32f40_41xxx.o(STACK)
    __initial_sp                             0x200009a8   Data           0  startup_stm32f40_41xxx.o(STACK)

    Global Symbols

    Symbol Name                              Value     Ov Type        Size  Object(Section)

    BuildAttributes$$THM_ISAv4$E$P$D$K$B$S$7EM$VFPi3$EXTD16$VFPS$VFMA$PE$A:L22UL41UL21$X:L11$S22US41US21$IEEE1$IW$USESV6$~STKCKD$USESV7$~SHL$OSPACE$ROPI$EBA8$UX$STANDARDLIB$REQ8$PRES8$EABIv2 0x00000000   Number         0  anon$$obj.o ABSOLUTE
    __ARM_use_no_argv                        0x00000000   Number         0  main.o ABSOLUTE
    __ARM_exceptions_init                     - Undefined Weak Reference
    __alloca_initialize                       - Undefined Weak Reference
    __cpp_initialize__aeabi_                  - Undefined Weak Reference
    __cxa_finalize                            - Undefined Weak Reference
    __rt_locale                               - Undefined Weak Reference
    __sigvec_lookup                           - Undefined Weak Reference
    _atexit_init                              - Undefined Weak Reference
    _call_atexit_fns                          - Undefined Weak Reference
    _clock_init                               - Undefined Weak Reference
    _fp_trap_init                             - Undefined Weak Reference
    _fp_trap_shutdown                         - Undefined Weak Reference
    _get_lc_collate                           - Undefined Weak Reference
    _get_lc_ctype                             - Undefined Weak Reference
    _get_lc_monetary                          - Undefined Weak Reference
    _get_lc_numeric                           - Undefined Weak Reference
    _get_lc_time                              - Undefined Weak Reference
    _getenv_init                              - Undefined Weak Reference
    _handle_redirection                       - Undefined Weak Reference
    _init_alloc                               - Undefined Weak Reference
    _init_user_alloc                          - Undefined Weak Reference
    _initio                                   - Undefined Weak Reference
    _mutex_acquire                            - Undefined Weak Reference
    _mutex_release                            - Undefined Weak Reference
    _rand_init                                - Undefined Weak Reference
    _signal_finish                            - Undefined Weak Reference
    _signal_init                              - Undefined Weak Reference
    _terminate_alloc                          - Undefined Weak Reference
    _terminate_user_alloc                     - Undefined Weak Reference
    _terminateio                              - Undefined Weak Reference
    __Vectors_Size                           0x00000188   Number         0  startup_stm32f40_41xxx.o ABSOLUTE
    __Vectors                                0x08000000   Data           4  startup_stm32f40_41xxx.o(RESET)
    __Vectors_End                            0x08000188   Data           0  startup_stm32f40_41xxx.o(RESET)
    __main                                   0x08000189   Thumb Code     8  __main.o(!!!main)
    __scatterload                            0x08000191   Thumb Code     0  __scatter.o(!!!scatter)
    __scatterload_rt2                        0x08000191   Thumb Code    44  __scatter.o(!!!scatter)
    __scatterload_rt2_thumb_only             0x08000191   Thumb Code     0  __scatter.o(!!!scatter)
    __scatterload_null                       0x0800019f   Thumb Code     0  __scatter.o(!!!scatter)
    __scatterload_copy                       0x080001c5   Thumb Code    26  __scatter_copy.o(!!handler_copy)
    __scatterload_zeroinit                   0x080001e1   Thumb Code    28  __scatter_zi.o(!!handler_zi)
    __rt_lib_init                            0x080001fd   Thumb Code     0  libinit.o(.ARM.Collect$$libinit$$00000000)
    __rt_lib_init_fp_1                       0x080001ff   Thumb Code     0  libinit2.o(.ARM.Collect$$libinit$$00000001)
    __rt_lib_init_alloca_1                   0x08000203   Thumb Code     0  libinit2.o(.ARM.Collect$$libinit$$0000002C)
    __rt_lib_init_argv_1                     0x08000203   Thumb Code     0  libinit2.o(.ARM.Collect$$libinit$$0000002A)
    __rt_lib_init_atexit_1                   0x08000203   Thumb Code     0  libinit2.o(.ARM.Collect$$libinit$$00000019)
    __rt_lib_init_clock_1                    0x08000203   Thumb Code     0  libinit2.o(.ARM.Collect$$libinit$$0000001F)
    __rt_lib_init_cpp_1                      0x08000203   Thumb Code     0  libinit2.o(.ARM.Collect$$libinit$$00000030)
    __rt_lib_init_exceptions_1               0x08000203   Thumb Code     0  libinit2.o(.ARM.Collect$$libinit$$0000002E)
    __rt_lib_init_fp_trap_1                  0x08000203   Thumb Code     0  libinit2.o(.ARM.Collect$$libinit$$0000001D)
    __rt_lib_init_getenv_1                   0x08000203   Thumb Code     0  libinit2.o(.ARM.Collect$$libinit$$00000021)
    __rt_lib_init_heap_1                     0x08000203   Thumb Code     0  libinit2.o(.ARM.Collect$$libinit$$00000008)
    __rt_lib_init_lc_collate_1               0x08000203   Thumb Code     0  libinit2.o(.ARM.Collect$$libinit$$0000000F)
    __rt_lib_init_lc_ctype_1                 0x08000203   Thumb Code     0  libinit2.o(.ARM.Collect$$libinit$$00000011)
    __rt_lib_init_lc_monetary_1              0x08000203   Thumb Code     0  libinit2.o(.ARM.Collect$$libinit$$00000013)
    __rt_lib_init_lc_numeric_1               0x08000203   Thumb Code     0  libinit2.o(.ARM.Collect$$libinit$$00000015)
    __rt_lib_init_lc_time_1                  0x08000203   Thumb Code     0  libinit2.o(.ARM.Collect$$libinit$$00000017)
    __rt_lib_init_rand_1                     0x08000203   Thumb Code     0  libinit2.o(.ARM.Collect$$libinit$$0000000C)
    __rt_lib_init_return                     0x08000203   Thumb Code     0  libinit2.o(.ARM.Collect$$libinit$$00000031)
    __rt_lib_init_signal_1                   0x08000203   Thumb Code     0  libinit2.o(.ARM.Collect$$libinit$$0000001B)
    __rt_lib_init_stdio_1                    0x08000203   Thumb Code     0  libinit2.o(.ARM.Collect$$libinit$$00000023)
    __rt_lib_init_user_alloc_1               0x08000203   Thumb Code     0  libinit2.o(.ARM.Collect$$libinit$$0000000A)
    __rt_lib_shutdown                        0x08000205   Thumb Code     0  libshutdown.o(.ARM.Collect$$libshutdown$$00000000)
    __rt_lib_shutdown_fp_trap_1              0x08000207   Thumb Code     0  libshutdown2.o(.ARM.Collect$$libshutdown$$00000006)
    __rt_lib_shutdown_heap_1                 0x08000207   Thumb Code     0  libshutdown2.o(.ARM.Collect$$libshutdown$$0000000E)
    __rt_lib_shutdown_return                 0x08000207   Thumb Code     0  libshutdown2.o(.ARM.Collect$$libshutdown$$0000000F)
    __rt_lib_shutdown_signal_1               0x08000207   Thumb Code     0  libshutdown2.o(.ARM.Collect$$libshutdown$$00000009)
    __rt_lib_shutdown_stdio_1                0x08000207   Thumb Code     0  libshutdown2.o(.ARM.Collect$$libshutdown$$00000003)
    __rt_lib_shutdown_user_alloc_1           0x08000207   Thumb Code     0  libshutdown2.o(.ARM.Collect$$libshutdown$$0000000B)
    __rt_entry                               0x08000209   Thumb Code     0  rtentry.o(.ARM.Collect$$rtentry$$00000000)
    __rt_entry_presh_1                       0x08000209   Thumb Code     0  rtentry2.o(.ARM.Collect$$rtentry$$00000002)
    __rt_entry_sh                            0x08000209   Thumb Code     0  rtentry4.o(.ARM.Collect$$rtentry$$00000004)
    __rt_entry_li                            0x0800020f   Thumb Code     0  rtentry2.o(.ARM.Collect$$rtentry$$0000000A)
    __rt_entry_postsh_1                      0x0800020f   Thumb Code     0  rtentry2.o(.ARM.Collect$$rtentry$$00000009)
    __rt_entry_main                          0x08000213   Thumb Code     0  rtentry2.o(.ARM.Collect$$rtentry$$0000000D)
    __rt_entry_postli_1                      0x08000213   Thumb Code     0  rtentry2.o(.ARM.Collect$$rtentry$$0000000C)
    __rt_exit                                0x0800021b   Thumb Code     0  rtexit.o(.ARM.Collect$$rtexit$$00000000)
    __rt_exit_ls                             0x0800021d   Thumb Code     0  rtexit2.o(.ARM.Collect$$rtexit$$00000003)
    __rt_exit_prels_1                        0x0800021d   Thumb Code     0  rtexit2.o(.ARM.Collect$$rtexit$$00000002)
    __rt_exit_exit                           0x08000221   Thumb Code     0  rtexit2.o(.ARM.Collect$$rtexit$$00000004)
    LED_Init                                 0x08000229   Thumb Code    64  main.o(.text)
    POWER_ONOFF_KEY                          0x08000269   Thumb Code    70  main.o(.text)
    Mysystem_Init                            0x080002af   Thumb Code    42  main.o(.text)
    GetJdq_Statu                             0x080002d9   Thumb Code    12  main.o(.text)
    reboot                                   0x080002e5   Thumb Code     2  main.o(.text)
    CHECH_SUM                                0x080002e7   Thumb Code     2  main.o(.text)
    GetData                                  0x080002e9   Thumb Code     2  main.o(.text)
    usart_callback                           0x080002eb   Thumb Code    88  main.o(.text)
    main                                     0x08000343   Thumb Code    38  main.o(.text)
    NMI_Handler                              0x080003ad   Thumb Code     2  stm32f4xx_it.o(.text)
    HardFault_Handler                        0x080003af   Thumb Code     4  stm32f4xx_it.o(.text)
    MemManage_Handler                        0x080003b3   Thumb Code     4  stm32f4xx_it.o(.text)
    BusFault_Handler                         0x080003b7   Thumb Code     4  stm32f4xx_it.o(.text)
    UsageFault_Handler                       0x080003bb   Thumb Code     4  stm32f4xx_it.o(.text)
    SVC_Handler                              0x080003bf   Thumb Code     2  stm32f4xx_it.o(.text)
    DebugMon_Handler                         0x080003c1   Thumb Code     2  stm32f4xx_it.o(.text)
    PendSV_Handler                           0x080003c3   Thumb Code     2  stm32f4xx_it.o(.text)
    SystemInit                               0x080004a1   Thumb Code    88  system_stm32f4xx.o(.text)
    SystemCoreClockUpdate                    0x080004f9   Thumb Code   174  system_stm32f4xx.o(.text)
    NVIC_PriorityGroupConfig                 0x080005d5   Thumb Code    10  misc.o(.text)
    NVIC_Init                                0x080005df   Thumb Code   106  misc.o(.text)
    NVIC_SetVectorTable                      0x08000649   Thumb Code    14  misc.o(.text)
    NVIC_SystemLPConfig                      0x08000657   Thumb Code    34  misc.o(.text)
    SysTick_CLKSourceConfig                  0x08000679   Thumb Code    40  misc.o(.text)
    ADC_DeInit                               0x080006b5   Thumb Code    22  stm32f4xx_adc.o(.text)
    ADC_Init                                 0x080006cb   Thumb Code    74  stm32f4xx_adc.o(.text)
    ADC_StructInit                           0x08000715   Thumb Code    20  stm32f4xx_adc.o(.text)
    ADC_CommonInit                           0x08000729   Thumb Code    34  stm32f4xx_adc.o(.text)
    ADC_CommonStructInit                     0x0800074b   Thumb Code    12  stm32f4xx_adc.o(.text)
    ADC_Cmd                                  0x08000757   Thumb Code    22  stm32f4xx_adc.o(.text)
    ADC_AnalogWatchdogCmd                    0x0800076d   Thumb Code    16  stm32f4xx_adc.o(.text)
    ADC_AnalogWatchdogThresholdsConfig       0x0800077d   Thumb Code     6  stm32f4xx_adc.o(.text)
    ADC_AnalogWatchdogSingleChannelConfig    0x08000783   Thumb Code    16  stm32f4xx_adc.o(.text)
    ADC_TempSensorVrefintCmd                 0x08000793   Thumb Code    34  stm32f4xx_adc.o(.text)
    ADC_VBATCmd                              0x080007b5   Thumb Code    34  stm32f4xx_adc.o(.text)
    ADC_RegularChannelConfig                 0x080007d7   Thumb Code   184  stm32f4xx_adc.o(.text)
    ADC_SoftwareStartConv                    0x0800088f   Thumb Code    10  stm32f4xx_adc.o(.text)
    ADC_GetSoftwareStartConvStatus           0x08000899   Thumb Code    20  stm32f4xx_adc.o(.text)
    ADC_EOCOnEachRegularChannelCmd           0x080008ad   Thumb Code    22  stm32f4xx_adc.o(.text)
    ADC_ContinuousModeCmd                    0x080008c3   Thumb Code    22  stm32f4xx_adc.o(.text)
    ADC_DiscModeChannelCountConfig           0x080008d9   Thumb Code    24  stm32f4xx_adc.o(.text)
    ADC_DiscModeCmd                          0x080008f1   Thumb Code    22  stm32f4xx_adc.o(.text)
    ADC_GetConversionValue                   0x08000907   Thumb Code     8  stm32f4xx_adc.o(.text)
    ADC_GetMultiModeConversionValue          0x0800090f   Thumb Code     8  stm32f4xx_adc.o(.text)
    ADC_DMACmd                               0x08000917   Thumb Code    22  stm32f4xx_adc.o(.text)
    ADC_DMARequestAfterLastTransferCmd       0x0800092d   Thumb Code    22  stm32f4xx_adc.o(.text)
    ADC_MultiModeDMARequestAfterLastTransferCmd 0x08000943   Thumb Code    34  stm32f4xx_adc.o(.text)
    ADC_InjectedChannelConfig                0x08000965   Thumb Code   130  stm32f4xx_adc.o(.text)
    ADC_InjectedSequencerLengthConfig        0x080009e7   Thumb Code    24  stm32f4xx_adc.o(.text)
    ADC_SetInjectedOffset                    0x080009ff   Thumb Code    20  stm32f4xx_adc.o(.text)
    ADC_ExternalTrigInjectedConvConfig       0x08000a13   Thumb Code    16  stm32f4xx_adc.o(.text)
    ADC_ExternalTrigInjectedConvEdgeConfig   0x08000a23   Thumb Code    16  stm32f4xx_adc.o(.text)
    ADC_SoftwareStartInjectedConv            0x08000a33   Thumb Code    10  stm32f4xx_adc.o(.text)
    ADC_GetSoftwareStartInjectedConvCmdStatus 0x08000a3d   Thumb Code    20  stm32f4xx_adc.o(.text)
    ADC_AutoInjectedConvCmd                  0x08000a51   Thumb Code    22  stm32f4xx_adc.o(.text)
    ADC_InjectedDiscModeCmd                  0x08000a67   Thumb Code    22  stm32f4xx_adc.o(.text)
    ADC_GetInjectedConversionValue           0x08000a7d   Thumb Code    28  stm32f4xx_adc.o(.text)
    ADC_ITConfig                             0x08000a99   Thumb Code    56  stm32f4xx_adc.o(.text)
    ADC_GetFlagStatus                        0x08000ad1   Thumb Code    18  stm32f4xx_adc.o(.text)
    ADC_ClearFlag                            0x08000ae3   Thumb Code     6  stm32f4xx_adc.o(.text)
    ADC_GetITStatus                          0x08000ae9   Thumb Code    38  stm32f4xx_adc.o(.text)
    ADC_ClearITPendingBit                    0x08000b0f   Thumb Code    10  stm32f4xx_adc.o(.text)
    DMA_DeInit                               0x08000b19   Thumb Code   324  stm32f4xx_dma.o(.text)
    DMA_Init                                 0x08000c5d   Thumb Code    82  stm32f4xx_dma.o(.text)
    DMA_StructInit                           0x08000caf   Thumb Code    34  stm32f4xx_dma.o(.text)
    DMA_Cmd                                  0x08000cd1   Thumb Code    22  stm32f4xx_dma.o(.text)
    DMA_PeriphIncOffsetSizeConfig            0x08000ce7   Thumb Code    22  stm32f4xx_dma.o(.text)
    DMA_FlowControllerConfig                 0x08000cfd   Thumb Code    22  stm32f4xx_dma.o(.text)
    DMA_SetCurrDataCounter                   0x08000d13   Thumb Code     4  stm32f4xx_dma.o(.text)
    DMA_GetCurrDataCounter                   0x08000d17   Thumb Code     8  stm32f4xx_dma.o(.text)
    DMA_DoubleBufferModeConfig               0x08000d1f   Thumb Code    24  stm32f4xx_dma.o(.text)
    DMA_DoubleBufferModeCmd                  0x08000d37   Thumb Code    22  stm32f4xx_dma.o(.text)
    DMA_MemoryTargetConfig                   0x08000d4d   Thumb Code    10  stm32f4xx_dma.o(.text)
    DMA_GetCurrentMemoryTarget               0x08000d57   Thumb Code    20  stm32f4xx_dma.o(.text)
    DMA_GetCmdStatus                         0x08000d6b   Thumb Code    20  stm32f4xx_dma.o(.text)
    DMA_GetFIFOStatus                        0x08000d7f   Thumb Code    12  stm32f4xx_dma.o(.text)
    DMA_GetFlagStatus                        0x08000d8b   Thumb Code    56  stm32f4xx_dma.o(.text)
    DMA_ClearFlag                            0x08000dc3   Thumb Code    40  stm32f4xx_dma.o(.text)
    DMA_ITConfig                             0x08000deb   Thumb Code    58  stm32f4xx_dma.o(.text)
    DMA_GetITStatus                          0x08000e25   Thumb Code    84  stm32f4xx_dma.o(.text)
    DMA_ClearITPendingBit                    0x08000e79   Thumb Code    40  stm32f4xx_dma.o(.text)
    GPIO_DeInit                              0x08000ec1   Thumb Code   268  stm32f4xx_gpio.o(.text)
    GPIO_Init                                0x08000fcd   Thumb Code   144  stm32f4xx_gpio.o(.text)
    GPIO_StructInit                          0x0800105d   Thumb Code    18  stm32f4xx_gpio.o(.text)
    GPIO_PinLockConfig                       0x0800106f   Thumb Code    34  stm32f4xx_gpio.o(.text)
    GPIO_ReadInputDataBit                    0x08001091   Thumb Code    18  stm32f4xx_gpio.o(.text)
    GPIO_ReadInputData                       0x080010a3   Thumb Code     8  stm32f4xx_gpio.o(.text)
    GPIO_ReadOutputDataBit                   0x080010ab   Thumb Code    18  stm32f4xx_gpio.o(.text)
    GPIO_ReadOutputData                      0x080010bd   Thumb Code     8  stm32f4xx_gpio.o(.text)
    GPIO_SetBits                             0x080010c5   Thumb Code     4  stm32f4xx_gpio.o(.text)
    GPIO_ResetBits                           0x080010c9   Thumb Code     4  stm32f4xx_gpio.o(.text)
    GPIO_WriteBit                            0x080010cd   Thumb Code    10  stm32f4xx_gpio.o(.text)
    GPIO_Write                               0x080010d7   Thumb Code     4  stm32f4xx_gpio.o(.text)
    GPIO_ToggleBits                          0x080010db   Thumb Code     8  stm32f4xx_gpio.o(.text)
    GPIO_PinAFConfig                         0x080010e3   Thumb Code    70  stm32f4xx_gpio.o(.text)
    I2C_DeInit                               0x08001155   Thumb Code    82  stm32f4xx_i2c.o(.text)
    I2C_Init                                 0x080011a7   Thumb Code   218  stm32f4xx_i2c.o(.text)
    I2C_StructInit                           0x08001281   Thumb Code    30  stm32f4xx_i2c.o(.text)
    I2C_Cmd                                  0x0800129f   Thumb Code    24  stm32f4xx_i2c.o(.text)
    I2C_AnalogFilterCmd                      0x080012b7   Thumb Code    24  stm32f4xx_i2c.o(.text)
    I2C_DigitalFilterConfig                  0x080012cf   Thumb Code    22  stm32f4xx_i2c.o(.text)
    I2C_GenerateSTART                        0x080012e5   Thumb Code    24  stm32f4xx_i2c.o(.text)
    I2C_GenerateSTOP                         0x080012fd   Thumb Code    24  stm32f4xx_i2c.o(.text)
    I2C_Send7bitAddress                      0x08001315   Thumb Code    16  stm32f4xx_i2c.o(.text)
    I2C_AcknowledgeConfig                    0x08001325   Thumb Code    24  stm32f4xx_i2c.o(.text)
    I2C_OwnAddress2Config                    0x0800133d   Thumb Code    22  stm32f4xx_i2c.o(.text)
    I2C_DualAddressCmd                       0x08001353   Thumb Code    24  stm32f4xx_i2c.o(.text)
    I2C_GeneralCallCmd                       0x0800136b   Thumb Code    24  stm32f4xx_i2c.o(.text)
    I2C_SoftwareResetCmd                     0x08001383   Thumb Code    22  stm32f4xx_i2c.o(.text)
    I2C_StretchClockCmd                      0x08001399   Thumb Code    24  stm32f4xx_i2c.o(.text)
    I2C_FastModeDutyCycleConfig              0x080013b1   Thumb Code    28  stm32f4xx_i2c.o(.text)
    I2C_NACKPositionConfig                   0x080013cd   Thumb Code    28  stm32f4xx_i2c.o(.text)
    I2C_SMBusAlertConfig                     0x080013e9   Thumb Code    28  stm32f4xx_i2c.o(.text)
    I2C_ARPCmd                               0x08001405   Thumb Code    24  stm32f4xx_i2c.o(.text)
    I2C_SendData                             0x0800141d   Thumb Code     4  stm32f4xx_i2c.o(.text)
    I2C_ReceiveData                          0x08001421   Thumb Code     8  stm32f4xx_i2c.o(.text)
    I2C_TransmitPEC                          0x08001429   Thumb Code    24  stm32f4xx_i2c.o(.text)
    I2C_PECPositionConfig                    0x08001441   Thumb Code    28  stm32f4xx_i2c.o(.text)
    I2C_CalculatePEC                         0x0800145d   Thumb Code    24  stm32f4xx_i2c.o(.text)
    I2C_GetPEC                               0x08001475   Thumb Code     8  stm32f4xx_i2c.o(.text)
    I2C_DMACmd                               0x0800147d   Thumb Code    24  stm32f4xx_i2c.o(.text)
    I2C_DMALastTransferCmd                   0x08001495   Thumb Code    24  stm32f4xx_i2c.o(.text)
    I2C_ReadRegister                         0x080014ad   Thumb Code    22  stm32f4xx_i2c.o(.text)
    I2C_ITConfig                             0x080014c3   Thumb Code    18  stm32f4xx_i2c.o(.text)
    I2C_CheckEvent                           0x080014d5   Thumb Code    42  stm32f4xx_i2c.o(.text)
    I2C_GetLastEvent                         0x080014ff   Thumb Code    26  stm32f4xx_i2c.o(.text)
    I2C_GetFlagStatus                        0x08001519   Thumb Code    84  stm32f4xx_i2c.o(.text)
    I2C_ClearFlag                            0x0800156d   Thumb Code    12  stm32f4xx_i2c.o(.text)
    I2C_GetITStatus                          0x08001579   Thumb Code    38  stm32f4xx_i2c.o(.text)
    I2C_ClearITPendingBit                    0x0800159f   Thumb Code    12  stm32f4xx_i2c.o(.text)
    RCC_DeInit                               0x080015ad   Thumb Code    82  stm32f4xx_rcc.o(.text)
    RCC_HSEConfig                            0x080015ff   Thumb Code    14  stm32f4xx_rcc.o(.text)
    RCC_GetFlagStatus                        0x0800160d   Thumb Code    60  stm32f4xx_rcc.o(.text)
    RCC_WaitForHSEStartUp                    0x08001649   Thumb Code    56  stm32f4xx_rcc.o(.text)
    RCC_AdjustHSICalibrationValue            0x08001681   Thumb Code    20  stm32f4xx_rcc.o(.text)
    RCC_HSICmd                               0x08001695   Thumb Code     6  stm32f4xx_rcc.o(.text)
    RCC_LSEConfig                            0x0800169b   Thumb Code    46  stm32f4xx_rcc.o(.text)
    RCC_LSICmd                               0x080016c9   Thumb Code     6  stm32f4xx_rcc.o(.text)
    RCC_PLLConfig                            0x080016cf   Thumb Code    32  stm32f4xx_rcc.o(.text)
    RCC_PLLCmd                               0x080016ef   Thumb Code     6  stm32f4xx_rcc.o(.text)
    RCC_PLLI2SConfig                         0x080016f5   Thumb Code    14  stm32f4xx_rcc.o(.text)
    RCC_PLLI2SCmd                            0x08001703   Thumb Code     6  stm32f4xx_rcc.o(.text)
    RCC_PLLSAIConfig                         0x08001709   Thumb Code    20  stm32f4xx_rcc.o(.text)
    RCC_PLLSAICmd                            0x0800171d   Thumb Code     6  stm32f4xx_rcc.o(.text)
    RCC_ClockSecuritySystemCmd               0x08001723   Thumb Code     6  stm32f4xx_rcc.o(.text)
    RCC_MCO1Config                           0x08001729   Thumb Code    28  stm32f4xx_rcc.o(.text)
    RCC_MCO2Config                           0x08001745   Thumb Code    28  stm32f4xx_rcc.o(.text)
    RCC_SYSCLKConfig                         0x08001761   Thumb Code    20  stm32f4xx_rcc.o(.text)
    RCC_GetSYSCLKSource                      0x08001775   Thumb Code    12  stm32f4xx_rcc.o(.text)
    RCC_HCLKConfig                           0x08001781   Thumb Code    20  stm32f4xx_rcc.o(.text)
    RCC_PCLK1Config                          0x08001795   Thumb Code    20  stm32f4xx_rcc.o(.text)
    RCC_PCLK2Config                          0x080017a9   Thumb Code    22  stm32f4xx_rcc.o(.text)
    RCC_GetClocksFreq                        0x080017bf   Thumb Code   222  stm32f4xx_rcc.o(.text)
    RCC_RTCCLKConfig                         0x0800189d   Thumb Code    54  stm32f4xx_rcc.o(.text)
    RCC_RTCCLKCmd                            0x080018d3   Thumb Code     8  stm32f4xx_rcc.o(.text)
    RCC_BackupResetCmd                       0x080018db   Thumb Code     8  stm32f4xx_rcc.o(.text)
    RCC_I2SCLKConfig                         0x080018e3   Thumb Code     6  stm32f4xx_rcc.o(.text)
    RCC_SAIPLLI2SClkDivConfig                0x080018e9   Thumb Code    26  stm32f4xx_rcc.o(.text)
    RCC_SAIPLLSAIClkDivConfig                0x08001903   Thumb Code    28  stm32f4xx_rcc.o(.text)
    RCC_SAIBlockACLKConfig                   0x0800191f   Thumb Code    20  stm32f4xx_rcc.o(.text)
    RCC_SAIBlockBCLKConfig                   0x08001933   Thumb Code    20  stm32f4xx_rcc.o(.text)
    RCC_LTDCCLKDivConfig                     0x08001947   Thumb Code    20  stm32f4xx_rcc.o(.text)
    RCC_TIMCLKPresConfig                     0x0800195b   Thumb Code     6  stm32f4xx_rcc.o(.text)
    RCC_AHB1PeriphClockCmd                   0x08001961   Thumb Code    34  stm32f4xx_rcc.o(.text)
    RCC_AHB2PeriphClockCmd                   0x08001983   Thumb Code    78  stm32f4xx_rcc.o(.text)
    RCC_AHB3PeriphClockCmd                   0x080019d1   Thumb Code    34  stm32f4xx_rcc.o(.text)
    RCC_APB1PeriphClockCmd                   0x080019f3   Thumb Code    34  stm32f4xx_rcc.o(.text)
    RCC_APB2PeriphClockCmd                   0x08001a15   Thumb Code    34  stm32f4xx_rcc.o(.text)
    RCC_AHB1PeriphResetCmd                   0x08001a37   Thumb Code    34  stm32f4xx_rcc.o(.text)
    RCC_AHB2PeriphResetCmd                   0x08001a59   Thumb Code    34  stm32f4xx_rcc.o(.text)
    RCC_AHB3PeriphResetCmd                   0x08001a7b   Thumb Code    34  stm32f4xx_rcc.o(.text)
    RCC_APB1PeriphResetCmd                   0x08001a9d   Thumb Code    34  stm32f4xx_rcc.o(.text)
    RCC_APB2PeriphResetCmd                   0x08001abf   Thumb Code    34  stm32f4xx_rcc.o(.text)
    RCC_AHB1PeriphClockLPModeCmd             0x08001ae1   Thumb Code    34  stm32f4xx_rcc.o(.text)
    RCC_AHB2PeriphClockLPModeCmd             0x08001b03   Thumb Code    34  stm32f4xx_rcc.o(.text)
    RCC_AHB3PeriphClockLPModeCmd             0x08001b25   Thumb Code    34  stm32f4xx_rcc.o(.text)
    RCC_APB1PeriphClockLPModeCmd             0x08001b47   Thumb Code    34  stm32f4xx_rcc.o(.text)
    RCC_APB2PeriphClockLPModeCmd             0x08001b69   Thumb Code    34  stm32f4xx_rcc.o(.text)
    RCC_LSEModeConfig                        0x08001b8b   Thumb Code    40  stm32f4xx_rcc.o(.text)
    RCC_ITConfig                             0x08001bb3   Thumb Code    34  stm32f4xx_rcc.o(.text)
    RCC_ClearFlag                            0x08001bd5   Thumb Code    18  stm32f4xx_rcc.o(.text)
    RCC_GetITStatus                          0x08001be7   Thumb Code    22  stm32f4xx_rcc.o(.text)
    RCC_ClearITPendingBit                    0x08001bfd   Thumb Code     8  stm32f4xx_rcc.o(.text)
    TIM_DeInit                               0x08001c09   Thumb Code   346  stm32f4xx_tim.o(.text)
    TIM_TimeBaseInit                         0x08001d63   Thumb Code   104  stm32f4xx_tim.o(.text)
    TIM_TimeBaseStructInit                   0x08001dcb   Thumb Code    18  stm32f4xx_tim.o(.text)
    TIM_PrescalerConfig                      0x08001ddd   Thumb Code     6  stm32f4xx_tim.o(.text)
    TIM_CounterModeConfig                    0x08001de3   Thumb Code    18  stm32f4xx_tim.o(.text)
    TIM_SetCounter                           0x08001df5   Thumb Code     4  stm32f4xx_tim.o(.text)
    TIM_SetAutoreload                        0x08001df9   Thumb Code     4  stm32f4xx_tim.o(.text)
    TIM_GetCounter                           0x08001dfd   Thumb Code     6  stm32f4xx_tim.o(.text)
    TIM_GetPrescaler                         0x08001e03   Thumb Code     6  stm32f4xx_tim.o(.text)
    TIM_UpdateDisableConfig                  0x08001e09   Thumb Code    24  stm32f4xx_tim.o(.text)
    TIM_UpdateRequestConfig                  0x08001e21   Thumb Code    24  stm32f4xx_tim.o(.text)
    TIM_ARRPreloadConfig                     0x08001e39   Thumb Code    24  stm32f4xx_tim.o(.text)
    TIM_SelectOnePulseMode                   0x08001e51   Thumb Code    18  stm32f4xx_tim.o(.text)
    TIM_SetClockDivision                     0x08001e63   Thumb Code    18  stm32f4xx_tim.o(.text)
    TIM_Cmd                                  0x08001e75   Thumb Code    24  stm32f4xx_tim.o(.text)
    TIM_OC1Init                              0x08001e8d   Thumb Code   114  stm32f4xx_tim.o(.text)
    TIM_OC2Init                              0x08001eff   Thumb Code   154  stm32f4xx_tim.o(.text)
    TIM_OC3Init                              0x08001f99   Thumb Code   204  stm32f4xx_tim.o(.text)
    TIM_OC4Init                              0x08002065   Thumb Code   112  stm32f4xx_tim.o(.text)
    TIM_OCStructInit                         0x080020d5   Thumb Code    20  stm32f4xx_tim.o(.text)
    TIM_SelectOCxM                           0x080020e9   Thumb Code    86  stm32f4xx_tim.o(.text)
    TIM_SetCompare1                          0x0800213f   Thumb Code     4  stm32f4xx_tim.o(.text)
    TIM_SetCompare2                          0x08002143   Thumb Code     4  stm32f4xx_tim.o(.text)
    TIM_SetCompare3                          0x08002147   Thumb Code     4  stm32f4xx_tim.o(.text)
    TIM_SetCompare4                          0x0800214b   Thumb Code     4  stm32f4xx_tim.o(.text)
    TIM_ForcedOC1Config                      0x0800214f   Thumb Code    18  stm32f4xx_tim.o(.text)
    TIM_ForcedOC2Config                      0x08002161   Thumb Code    26  stm32f4xx_tim.o(.text)
    TIM_ForcedOC3Config                      0x0800217b   Thumb Code    18  stm32f4xx_tim.o(.text)
    TIM_ForcedOC4Config                      0x0800218d   Thumb Code    26  stm32f4xx_tim.o(.text)
    TIM_OC1PreloadConfig                     0x080021a7   Thumb Code    18  stm32f4xx_tim.o(.text)
    TIM_OC2PreloadConfig                     0x080021b9   Thumb Code    26  stm32f4xx_tim.o(.text)
    TIM_OC3PreloadConfig                     0x080021d3   Thumb Code    18  stm32f4xx_tim.o(.text)
    TIM_OC4PreloadConfig                     0x080021e5   Thumb Code    26  stm32f4xx_tim.o(.text)
    TIM_OC1FastConfig                        0x080021ff   Thumb Code    18  stm32f4xx_tim.o(.text)
    TIM_OC2FastConfig                        0x08002211   Thumb Code    26  stm32f4xx_tim.o(.text)
    TIM_OC3FastConfig                        0x0800222b   Thumb Code    18  stm32f4xx_tim.o(.text)
    TIM_OC4FastConfig                        0x0800223d   Thumb Code    26  stm32f4xx_tim.o(.text)
    TIM_ClearOC1Ref                          0x08002257   Thumb Code    18  stm32f4xx_tim.o(.text)
    TIM_ClearOC2Ref                          0x08002269   Thumb Code    24  stm32f4xx_tim.o(.text)
    TIM_ClearOC3Ref                          0x08002281   Thumb Code    18  stm32f4xx_tim.o(.text)
    TIM_ClearOC4Ref                          0x08002293   Thumb Code    24  stm32f4xx_tim.o(.text)
    TIM_OC1PolarityConfig                    0x080022ab   Thumb Code    18  stm32f4xx_tim.o(.text)
    TIM_OC1NPolarityConfig                   0x080022bd   Thumb Code    18  stm32f4xx_tim.o(.text)
    TIM_OC2PolarityConfig                    0x080022cf   Thumb Code    26  stm32f4xx_tim.o(.text)
    TIM_OC2NPolarityConfig                   0x080022e9   Thumb Code    26  stm32f4xx_tim.o(.text)
    TIM_OC3PolarityConfig                    0x08002303   Thumb Code    26  stm32f4xx_tim.o(.text)
    TIM_OC3NPolarityConfig                   0x0800231d   Thumb Code    26  stm32f4xx_tim.o(.text)
    TIM_OC4PolarityConfig                    0x08002337   Thumb Code    26  stm32f4xx_tim.o(.text)
    TIM_CCxCmd                               0x08002351   Thumb Code    30  stm32f4xx_tim.o(.text)
    TIM_CCxNCmd                              0x0800236f   Thumb Code    30  stm32f4xx_tim.o(.text)
    TIM_SetIC4Prescaler                      0x0800238d   Thumb Code    26  stm32f4xx_tim.o(.text)
    TIM_SetIC3Prescaler                      0x080023f7   Thumb Code    18  stm32f4xx_tim.o(.text)
    TIM_SetIC2Prescaler                      0x08002451   Thumb Code    26  stm32f4xx_tim.o(.text)
    TIM_SetIC1Prescaler                      0x080024c5   Thumb Code    18  stm32f4xx_tim.o(.text)
    TIM_ICInit                               0x08002511   Thumb Code   110  stm32f4xx_tim.o(.text)
    TIM_ICStructInit                         0x0800257f   Thumb Code    18  stm32f4xx_tim.o(.text)
    TIM_PWMIConfig                           0x08002591   Thumb Code   124  stm32f4xx_tim.o(.text)
    TIM_GetCapture1                          0x0800260d   Thumb Code     6  stm32f4xx_tim.o(.text)
    TIM_GetCapture2                          0x08002613   Thumb Code     6  stm32f4xx_tim.o(.text)
    TIM_GetCapture3                          0x08002619   Thumb Code     6  stm32f4xx_tim.o(.text)
    TIM_GetCapture4                          0x0800261f   Thumb Code     6  stm32f4xx_tim.o(.text)
    TIM_BDTRConfig                           0x08002625   Thumb Code    32  stm32f4xx_tim.o(.text)
    TIM_BDTRStructInit                       0x08002645   Thumb Code    18  stm32f4xx_tim.o(.text)
    TIM_CtrlPWMOutputs                       0x08002657   Thumb Code    30  stm32f4xx_tim.o(.text)
    TIM_SelectCOM                            0x08002675   Thumb Code    24  stm32f4xx_tim.o(.text)
    TIM_CCPreloadControl                     0x0800268d   Thumb Code    24  stm32f4xx_tim.o(.text)
    TIM_ITConfig                             0x080026a5   Thumb Code    18  stm32f4xx_tim.o(.text)
    TIM_GenerateEvent                        0x080026b7   Thumb Code     4  stm32f4xx_tim.o(.text)
    TIM_GetFlagStatus                        0x080026bb   Thumb Code    18  stm32f4xx_tim.o(.text)
    TIM_ClearFlag                            0x080026cd   Thumb Code     6  stm32f4xx_tim.o(.text)
    TIM_GetITStatus                          0x080026d3   Thumb Code    34  stm32f4xx_tim.o(.text)
    TIM_ClearITPendingBit                    0x080026f5   Thumb Code     6  stm32f4xx_tim.o(.text)
    TIM_DMAConfig                            0x080026fb   Thumb Code    10  stm32f4xx_tim.o(.text)
    TIM_DMACmd                               0x08002705   Thumb Code    18  stm32f4xx_tim.o(.text)
    TIM_SelectCCDMA                          0x08002717   Thumb Code    24  stm32f4xx_tim.o(.text)
    TIM_InternalClockConfig                  0x0800272f   Thumb Code    12  stm32f4xx_tim.o(.text)
    TIM_SelectInputTrigger                   0x0800273b   Thumb Code    18  stm32f4xx_tim.o(.text)
    TIM_ITRxExternalClockConfig              0x0800274d   Thumb Code    24  stm32f4xx_tim.o(.text)
    TIM_TIxExternalClockConfig               0x08002765   Thumb Code    62  stm32f4xx_tim.o(.text)
    TIM_ETRConfig                            0x080027a3   Thumb Code    28  stm32f4xx_tim.o(.text)
    TIM_ETRClockMode1Config                  0x080027bf   Thumb Code    54  stm32f4xx_tim.o(.text)
    TIM_ETRClockMode2Config                  0x080027f5   Thumb Code    32  stm32f4xx_tim.o(.text)
    TIM_SelectOutputTrigger                  0x08002815   Thumb Code    18  stm32f4xx_tim.o(.text)
    TIM_SelectSlaveMode                      0x08002827   Thumb Code    18  stm32f4xx_tim.o(.text)
    TIM_SelectMasterSlaveMode                0x08002839   Thumb Code    18  stm32f4xx_tim.o(.text)
    TIM_EncoderInterfaceConfig               0x0800284b   Thumb Code    66  stm32f4xx_tim.o(.text)
    TIM_SelectHallSensor                     0x0800288d   Thumb Code    24  stm32f4xx_tim.o(.text)
    TIM_RemapConfig                          0x080028a5   Thumb Code     6  stm32f4xx_tim.o(.text)
    USART_DeInit                             0x080028ad   Thumb Code   206  stm32f4xx_usart.o(.text)
    USART_Init                               0x0800297b   Thumb Code   204  stm32f4xx_usart.o(.text)
    USART_StructInit                         0x08002a47   Thumb Code    24  stm32f4xx_usart.o(.text)
    USART_ClockInit                          0x08002a5f   Thumb Code    32  stm32f4xx_usart.o(.text)
    USART_ClockStructInit                    0x08002a7f   Thumb Code    12  stm32f4xx_usart.o(.text)
    USART_Cmd                                0x08002a8b   Thumb Code    24  stm32f4xx_usart.o(.text)
    USART_SetPrescaler                       0x08002aa3   Thumb Code    16  stm32f4xx_usart.o(.text)
    USART_OverSampling8Cmd                   0x08002ab3   Thumb Code    22  stm32f4xx_usart.o(.text)
    USART_OneBitMethodCmd                    0x08002ac9   Thumb Code    24  stm32f4xx_usart.o(.text)
    USART_SendData                           0x08002ae1   Thumb Code     8  stm32f4xx_usart.o(.text)
    USART_ReceiveData                        0x08002ae9   Thumb Code    10  stm32f4xx_usart.o(.text)
    USART_SetAddress                         0x08002af3   Thumb Code    18  stm32f4xx_usart.o(.text)
    USART_ReceiverWakeUpCmd                  0x08002b05   Thumb Code    24  stm32f4xx_usart.o(.text)
    USART_WakeUpConfig                       0x08002b1d   Thumb Code    18  stm32f4xx_usart.o(.text)
    USART_LINBreakDetectLengthConfig         0x08002b2f   Thumb Code    18  stm32f4xx_usart.o(.text)
    USART_LINCmd                             0x08002b41   Thumb Code    24  stm32f4xx_usart.o(.text)
    USART_SendBreak                          0x08002b59   Thumb Code    10  stm32f4xx_usart.o(.text)
    USART_HalfDuplexCmd                      0x08002b63   Thumb Code    24  stm32f4xx_usart.o(.text)
    USART_SetGuardTime                       0x08002b7b   Thumb Code    16  stm32f4xx_usart.o(.text)
    USART_SmartCardCmd                       0x08002b8b   Thumb Code    24  stm32f4xx_usart.o(.text)
    USART_SmartCardNACKCmd                   0x08002ba3   Thumb Code    24  stm32f4xx_usart.o(.text)
    USART_IrDAConfig                         0x08002bbb   Thumb Code    18  stm32f4xx_usart.o(.text)
    USART_IrDACmd                            0x08002bcd   Thumb Code    24  stm32f4xx_usart.o(.text)
    USART_DMACmd                             0x08002be5   Thumb Code    18  stm32f4xx_usart.o(.text)
    USART_ITConfig                           0x08002bf7   Thumb Code    74  stm32f4xx_usart.o(.text)
    USART_GetFlagStatus                      0x08002c41   Thumb Code    26  stm32f4xx_usart.o(.text)
    USART_ClearFlag                          0x08002c5b   Thumb Code    18  stm32f4xx_usart.o(.text)
    USART_GetITStatus                        0x08002c6d   Thumb Code   118  stm32f4xx_usart.o(.text)
    USART_ClearITPendingBit                  0x08002ce3   Thumb Code    30  stm32f4xx_usart.o(.text)
    Reset_Handler                            0x08002d01   Thumb Code     8  startup_stm32f40_41xxx.o(.text)
    ADC_IRQHandler                           0x08002d1b   Thumb Code     0  startup_stm32f40_41xxx.o(.text)
    CAN1_RX0_IRQHandler                      0x08002d1b   Thumb Code     0  startup_stm32f40_41xxx.o(.text)
    CAN1_RX1_IRQHandler                      0x08002d1b   Thumb Code     0  startup_stm32f40_41xxx.o(.text)
    CAN1_SCE_IRQHandler                      0x08002d1b   Thumb Code     0  startup_stm32f40_41xxx.o(.text)
    CAN1_TX_IRQHandler                       0x08002d1b   Thumb Code     0  startup_stm32f40_41xxx.o(.text)
    CAN2_RX0_IRQHandler                      0x08002d1b   Thumb Code     0  startup_stm32f40_41xxx.o(.text)
    CAN2_RX1_IRQHandler                      0x08002d1b   Thumb Code     0  startup_stm32f40_41xxx.o(.text)
    CAN2_SCE_IRQHandler                      0x08002d1b   Thumb Code     0  startup_stm32f40_41xxx.o(.text)
    CAN2_TX_IRQHandler                       0x08002d1b   Thumb Code     0  startup_stm32f40_41xxx.o(.text)
    CRYP_IRQHandler                          0x08002d1b   Thumb Code     0  startup_stm32f40_41xxx.o(.text)
    DCMI_IRQHandler                          0x08002d1b   Thumb Code     0  startup_stm32f40_41xxx.o(.text)
    DMA1_Stream0_IRQHandler                  0x08002d1b   Thumb Code     0  startup_stm32f40_41xxx.o(.text)
    DMA1_Stream1_IRQHandler                  0x08002d1b   Thumb Code     0  startup_stm32f40_41xxx.o(.text)
    DMA1_Stream2_IRQHandler                  0x08002d1b   Thumb Code     0  startup_stm32f40_41xxx.o(.text)
    DMA1_Stream4_IRQHandler                  0x08002d1b   Thumb Code     0  startup_stm32f40_41xxx.o(.text)
    DMA1_Stream5_IRQHandler                  0x08002d1b   Thumb Code     0  startup_stm32f40_41xxx.o(.text)
    DMA1_Stream6_IRQHandler                  0x08002d1b   Thumb Code     0  startup_stm32f40_41xxx.o(.text)
    DMA2_Stream0_IRQHandler                  0x08002d1b   Thumb Code     0  startup_stm32f40_41xxx.o(.text)
    DMA2_Stream1_IRQHandler                  0x08002d1b   Thumb Code     0  startup_stm32f40_41xxx.o(.text)
    DMA2_Stream2_IRQHandler                  0x08002d1b   Thumb Code     0  startup_stm32f40_41xxx.o(.text)
    DMA2_Stream3_IRQHandler                  0x08002d1b   Thumb Code     0  startup_stm32f40_41xxx.o(.text)
    DMA2_Stream4_IRQHandler                  0x08002d1b   Thumb Code     0  startup_stm32f40_41xxx.o(.text)
    DMA2_Stream5_IRQHandler                  0x08002d1b   Thumb Code     0  startup_stm32f40_41xxx.o(.text)
    DMA2_Stream6_IRQHandler                  0x08002d1b   Thumb Code     0  startup_stm32f40_41xxx.o(.text)
    DMA2_Stream7_IRQHandler                  0x08002d1b   Thumb Code     0  startup_stm32f40_41xxx.o(.text)
    ETH_IRQHandler                           0x08002d1b   Thumb Code     0  startup_stm32f40_41xxx.o(.text)
    ETH_WKUP_IRQHandler                      0x08002d1b   Thumb Code     0  startup_stm32f40_41xxx.o(.text)
    EXTI0_IRQHandler                         0x08002d1b   Thumb Code     0  startup_stm32f40_41xxx.o(.text)
    EXTI15_10_IRQHandler                     0x08002d1b   Thumb Code     0  startup_stm32f40_41xxx.o(.text)
    EXTI1_IRQHandler                         0x08002d1b   Thumb Code     0  startup_stm32f40_41xxx.o(.text)
    EXTI2_IRQHandler                         0x08002d1b   Thumb Code     0  startup_stm32f40_41xxx.o(.text)
    EXTI3_IRQHandler                         0x08002d1b   Thumb Code     0  startup_stm32f40_41xxx.o(.text)
    EXTI4_IRQHandler                         0x08002d1b   Thumb Code     0  startup_stm32f40_41xxx.o(.text)
    EXTI9_5_IRQHandler                       0x08002d1b   Thumb Code     0  startup_stm32f40_41xxx.o(.text)
    FLASH_IRQHandler                         0x08002d1b   Thumb Code     0  startup_stm32f40_41xxx.o(.text)
    FPU_IRQHandler                           0x08002d1b   Thumb Code     0  startup_stm32f40_41xxx.o(.text)
    FSMC_IRQHandler                          0x08002d1b   Thumb Code     0  startup_stm32f40_41xxx.o(.text)
    HASH_RNG_IRQHandler                      0x08002d1b   Thumb Code     0  startup_stm32f40_41xxx.o(.text)
    I2C1_ER_IRQHandler                       0x08002d1b   Thumb Code     0  startup_stm32f40_41xxx.o(.text)
    I2C1_EV_IRQHandler                       0x08002d1b   Thumb Code     0  startup_stm32f40_41xxx.o(.text)
    I2C3_ER_IRQHandler                       0x08002d1b   Thumb Code     0  startup_stm32f40_41xxx.o(.text)
    I2C3_EV_IRQHandler                       0x08002d1b   Thumb Code     0  startup_stm32f40_41xxx.o(.text)
    OTG_FS_IRQHandler                        0x08002d1b   Thumb Code     0  startup_stm32f40_41xxx.o(.text)
    OTG_FS_WKUP_IRQHandler                   0x08002d1b   Thumb Code     0  startup_stm32f40_41xxx.o(.text)
    OTG_HS_EP1_IN_IRQHandler                 0x08002d1b   Thumb Code     0  startup_stm32f40_41xxx.o(.text)
    OTG_HS_EP1_OUT_IRQHandler                0x08002d1b   Thumb Code     0  startup_stm32f40_41xxx.o(.text)
    OTG_HS_IRQHandler                        0x08002d1b   Thumb Code     0  startup_stm32f40_41xxx.o(.text)
    OTG_HS_WKUP_IRQHandler                   0x08002d1b   Thumb Code     0  startup_stm32f40_41xxx.o(.text)
    PVD_IRQHandler                           0x08002d1b   Thumb Code     0  startup_stm32f40_41xxx.o(.text)
    RCC_IRQHandler                           0x08002d1b   Thumb Code     0  startup_stm32f40_41xxx.o(.text)
    RTC_Alarm_IRQHandler                     0x08002d1b   Thumb Code     0  startup_stm32f40_41xxx.o(.text)
    RTC_WKUP_IRQHandler                      0x08002d1b   Thumb Code     0  startup_stm32f40_41xxx.o(.text)
    SDIO_IRQHandler                          0x08002d1b   Thumb Code     0  startup_stm32f40_41xxx.o(.text)
    SPI1_IRQHandler                          0x08002d1b   Thumb Code     0  startup_stm32f40_41xxx.o(.text)
    SPI2_IRQHandler                          0x08002d1b   Thumb Code     0  startup_stm32f40_41xxx.o(.text)
    SPI3_IRQHandler                          0x08002d1b   Thumb Code     0  startup_stm32f40_41xxx.o(.text)
    TAMP_STAMP_IRQHandler                    0x08002d1b   Thumb Code     0  startup_stm32f40_41xxx.o(.text)
    TIM1_BRK_TIM9_IRQHandler                 0x08002d1b   Thumb Code     0  startup_stm32f40_41xxx.o(.text)
    TIM1_CC_IRQHandler                       0x08002d1b   Thumb Code     0  startup_stm32f40_41xxx.o(.text)
    TIM1_TRG_COM_TIM11_IRQHandler            0x08002d1b   Thumb Code     0  startup_stm32f40_41xxx.o(.text)
    TIM1_UP_TIM10_IRQHandler                 0x08002d1b   Thumb Code     0  startup_stm32f40_41xxx.o(.text)
    TIM2_IRQHandler                          0x08002d1b   Thumb Code     0  startup_stm32f40_41xxx.o(.text)
    TIM4_IRQHandler                          0x08002d1b   Thumb Code     0  startup_stm32f40_41xxx.o(.text)
    TIM5_IRQHandler                          0x08002d1b   Thumb Code     0  startup_stm32f40_41xxx.o(.text)
    TIM6_DAC_IRQHandler                      0x08002d1b   Thumb Code     0  startup_stm32f40_41xxx.o(.text)
    TIM7_IRQHandler                          0x08002d1b   Thumb Code     0  startup_stm32f40_41xxx.o(.text)
    TIM8_BRK_TIM12_IRQHandler                0x08002d1b   Thumb Code     0  startup_stm32f40_41xxx.o(.text)
    TIM8_CC_IRQHandler                       0x08002d1b   Thumb Code     0  startup_stm32f40_41xxx.o(.text)
    TIM8_TRG_COM_TIM14_IRQHandler            0x08002d1b   Thumb Code     0  startup_stm32f40_41xxx.o(.text)
    TIM8_UP_TIM13_IRQHandler                 0x08002d1b   Thumb Code     0  startup_stm32f40_41xxx.o(.text)
    UART4_IRQHandler                         0x08002d1b   Thumb Code     0  startup_stm32f40_41xxx.o(.text)
    UART5_IRQHandler                         0x08002d1b   Thumb Code     0  startup_stm32f40_41xxx.o(.text)
    USART2_IRQHandler                        0x08002d1b   Thumb Code     0  startup_stm32f40_41xxx.o(.text)
    USART3_IRQHandler                        0x08002d1b   Thumb Code     0  startup_stm32f40_41xxx.o(.text)
    USART6_IRQHandler                        0x08002d1b   Thumb Code     0  startup_stm32f40_41xxx.o(.text)
    WWDG_IRQHandler                          0x08002d1b   Thumb Code     0  startup_stm32f40_41xxx.o(.text)
    __user_initial_stackheap                 0x08002d1d   Thumb Code     0  startup_stm32f40_41xxx.o(.text)
    delay_init                               0x08002d41   Thumb Code    52  delay.o(.text)
    delay_us                                 0x08002d75   Thumb Code    72  delay.o(.text)
    delay_xms                                0x08002dbd   Thumb Code    72  delay.o(.text)
    delay_ms                                 0x08002e05   Thumb Code    56  delay.o(.text)
    _sys_exit                                0x08002e45   Thumb Code     6  usart.o(.text)
    fputc                                    0x08002e4b   Thumb Code    22  usart.o(.text)
    uart_init                                0x08002e61   Thumb Code   170  usart.o(.text)
    USART1_IRQHandler                        0x08002f0b   Thumb Code   126  usart.o(.text)
    TIM3_Config                              0x08002f9d   Thumb Code    86  timer.o(.text)
    TIM3_IRQHandler                          0x08002ff3   Thumb Code    20  timer.o(.text)
    TIM6_Config                              0x08003007   Thumb Code   100  timer.o(.text)
    Adc_Init                                 0x0800307d   Thumb Code   328  adc.o(.text)
    GetTemp                                  0x080031c5   Thumb Code    58  adc.o(.text)
    CPAL_TIMEOUT_UserCallback                0x08003229   Thumb Code    40  cpal_usercallback.o(.text)
    CPAL_I2C_ERR_UserCallback                0x08003251   Thumb Code    40  cpal_usercallback.o(.text)
    CPAL_I2C_TXTC_UserCallback               0x08003279   Thumb Code    14  cpal_usercallback.o(.text)
    CPAL_I2C_RXTC_UserCallback               0x08003287   Thumb Code    26  cpal_usercallback.o(.text)
    CPAL_HAL_NVICInit                        0x080032ad   Thumb Code    12  cpal_hal.o(.text)
    CPAL_I2C_Init                            0x080032d9   Thumb Code   398  cpal_i2c.o(.text)
    CPAL_I2C_DeInit                          0x08003467   Thumb Code   108  cpal_i2c.o(.text)
    CPAL_I2C_StructInit                      0x080034d3   Thumb Code    68  cpal_i2c.o(.text)
    CPAL_I2C_Enable_DMA_IT                   0x08003517   Thumb Code   246  cpal_i2c.o(.text)
    CPAL_I2C_Write                           0x08003627   Thumb Code   292  cpal_i2c.o(.text)
    CPAL_I2C_Read                            0x0800374b   Thumb Code   670  cpal_i2c.o(.text)
    CPAL_I2C_IsDeviceReady                   0x080039e9   Thumb Code   384  cpal_i2c.o(.text)
    CPAL_I2C_EV_IRQHandler                   0x080041ff   Thumb Code   134  cpal_i2c.o(.text)
    CPAL_I2C_ER_IRQHandler                   0x08004285   Thumb Code   228  cpal_i2c.o(.text)
    CPAL_I2C_DMA_TX_IRQHandler               0x08004369   Thumb Code   734  cpal_i2c.o(.text)
    CPAL_I2C_DMA_RX_IRQHandler               0x08004647   Thumb Code   664  cpal_i2c.o(.text)
    SysTick_Handler                          0x080048df   Thumb Code   118  cpal_i2c.o(.text)
    CPAL_I2C_HAL_CLKInit                     0x08004971   Thumb Code    42  cpal_i2c_hal_stm32f4xx.o(.text)
    CPAL_I2C_HAL_CLKDeInit                   0x0800499b   Thumb Code    42  cpal_i2c_hal_stm32f4xx.o(.text)
    CPAL_I2C_HAL_GPIOInit                    0x080049c5   Thumb Code   134  cpal_i2c_hal_stm32f4xx.o(.text)
    CPAL_I2C_HAL_GPIODeInit                  0x08004a4b   Thumb Code    58  cpal_i2c_hal_stm32f4xx.o(.text)
    CPAL_I2C_HAL_DMAInit                     0x08004a85   Thumb Code   124  cpal_i2c_hal_stm32f4xx.o(.text)
    CPAL_I2C_HAL_DMATXConfig                 0x08004b01   Thumb Code    74  cpal_i2c_hal_stm32f4xx.o(.text)
    CPAL_I2C_HAL_DMARXConfig                 0x08004b4b   Thumb Code    74  cpal_i2c_hal_stm32f4xx.o(.text)
    CPAL_I2C_HAL_DMADeInit                   0x08004b95   Thumb Code    40  cpal_i2c_hal_stm32f4xx.o(.text)
    CPAL_I2C_HAL_ITInit                      0x08004bbd   Thumb Code   316  cpal_i2c_hal_stm32f4xx.o(.text)
    CPAL_I2C_HAL_ITDeInit                    0x08004cf9   Thumb Code   220  cpal_i2c_hal_stm32f4xx.o(.text)
    I2C2_EV_IRQHandler                       0x08004dd5   Thumb Code    10  cpal_i2c_hal_stm32f4xx.o(.text)
    I2C2_ER_IRQHandler                       0x08004ddf   Thumb Code    12  cpal_i2c_hal_stm32f4xx.o(.text)
    DMA1_Stream7_IRQHandler                  0x08004deb   Thumb Code    10  cpal_i2c_hal_stm32f4xx.o(.text)
    DMA1_Stream3_IRQHandler                  0x08004df5   Thumb Code    10  cpal_i2c_hal_stm32f4xx.o(.text)
    I2C2_Init                                0x08004e05   Thumb Code   178  i2c3_master.o(.text)
    SetWriteAddr                             0x08004eb7   Thumb Code    18  i2c3_master.o(.text)
    SetReadAddr                              0x08004ec9   Thumb Code    18  i2c3_master.o(.text)
    I2C2_Master_Service                      0x08004edb   Thumb Code   246  i2c3_master.o(.text)
    CopySlaveData                            0x08004fd1   Thumb Code    20  i2c3_master.o(.text)
    Buffer_Compare                           0x08004fe5   Thumb Code    36  i2c3_master.o(.text)
    Buffer_Check                             0x08005009   Thumb Code    48  i2c3_master.o(.text)
    assert_failed                            0x08005039   Thumb Code     4  i2c3_master.o(.text)
    __use_no_semihosting                     0x08005075   Thumb Code     2  use_no_semi_2.o(.text)
    __2printf                                0x08005079   Thumb Code    20  noretval__2printf.o(.text)
    __use_two_region_memory                  0x08005091   Thumb Code     2  heapauxi.o(.text)
    __rt_heap_escrow$2region                 0x08005093   Thumb Code     2  heapauxi.o(.text)
    __rt_heap_expand$2region                 0x08005095   Thumb Code     2  heapauxi.o(.text)
    __I$use$semihosting                      0x08005097   Thumb Code     0  use_no_semi.o(.text)
    __use_no_semihosting_swi                 0x08005097   Thumb Code     2  use_no_semi.o(.text)
    _printf_char_file                        0x08005099   Thumb Code    32  _printf_char_file.o(.text)
    _printf_char_common                      0x080050c7   Thumb Code    32  _printf_char_common.o(.text)
    ferror                                   0x080050ed   Thumb Code     8  ferror.o(.text)
    __user_setup_stackheap                   0x080050f5   Thumb Code    74  sys_stackheap_outer.o(.text)
    __printf                                 0x0800513f   Thumb Code    40  __printf_nopercent.o(.text)
    exit                                     0x08005167   Thumb Code    12  exit.o(.text)
    __user_libspace                          0x08005175   Thumb Code     8  libspace.o(.text)
    __user_perproc_libspace                  0x08005175   Thumb Code     0  libspace.o(.text)
    __user_perthread_libspace                0x08005175   Thumb Code     0  libspace.o(.text)
    _fp_init                                 0x0800517d   Thumb Code    10  fpinit.o(x$fpl$fpinit)
    __fplib_config_fpu_vfp                   0x08005185   Thumb Code     0  fpinit.o(x$fpl$fpinit)
    __fplib_config_pureend_doubles           0x08005185   Thumb Code     0  fpinit.o(x$fpl$fpinit)
    CPAL_I2C_CLK                             0x08005188   Data          12  cpal_i2c_hal_stm32f4xx.o(.constdata)
    CPAL_I2C_DR                              0x08005194   Data          12  cpal_i2c_hal_stm32f4xx.o(.constdata)
    CPAL_I2C_AF                              0x080051a0   Data          12  cpal_i2c_hal_stm32f4xx.o(.constdata)
    CPAL_I2C_SCL_GPIO_PIN                    0x080051ac   Data           6  cpal_i2c_hal_stm32f4xx.o(.constdata)
    CPAL_I2C_SCL_GPIO_CLK                    0x080051b4   Data          12  cpal_i2c_hal_stm32f4xx.o(.constdata)
    CPAL_I2C_SCL_GPIO_PINSOURCE              0x080051c0   Data           6  cpal_i2c_hal_stm32f4xx.o(.constdata)
    CPAL_I2C_SDA_GPIO_PIN                    0x080051c6   Data           6  cpal_i2c_hal_stm32f4xx.o(.constdata)
    CPAL_I2C_SDA_GPIO_CLK                    0x080051cc   Data          12  cpal_i2c_hal_stm32f4xx.o(.constdata)
    CPAL_I2C_SDA_GPIO_PINSOURCE              0x080051d8   Data           6  cpal_i2c_hal_stm32f4xx.o(.constdata)
    CPAL_I2C_DMA_CLK                         0x080051e0   Data          12  cpal_i2c_hal_stm32f4xx.o(.constdata)
    CPAL_I2C_DMA_CHANNEL                     0x080051ec   Data          12  cpal_i2c_hal_stm32f4xx.o(.constdata)
    CPAL_I2C_DMA_TX_IRQn                     0x080051f8   Data           3  cpal_i2c_hal_stm32f4xx.o(.constdata)
    CPAL_I2C_DMA_RX_IRQn                     0x080051fb   Data           3  cpal_i2c_hal_stm32f4xx.o(.constdata)
    CPAL_I2C_IT_EVT_IRQn                     0x080051fe   Data           3  cpal_i2c_hal_stm32f4xx.o(.constdata)
    CPAL_I2C_IT_ERR_IRQn                     0x08005201   Data           3  cpal_i2c_hal_stm32f4xx.o(.constdata)
    I2C_IT_EVT_PREPRIO                       0x08005204   Data           3  cpal_i2c_hal_stm32f4xx.o(.constdata)
    I2C_IT_EVT_SUBPRIO                       0x08005207   Data           3  cpal_i2c_hal_stm32f4xx.o(.constdata)
    I2C_IT_ERR_PREPRIO                       0x0800520a   Data           3  cpal_i2c_hal_stm32f4xx.o(.constdata)
    I2C_IT_ERR_SUBPRIO                       0x0800520d   Data           3  cpal_i2c_hal_stm32f4xx.o(.constdata)
    I2C_IT_DMATX_PREPRIO                     0x08005210   Data           3  cpal_i2c_hal_stm32f4xx.o(.constdata)
    I2C_IT_DMATX_SUBPRIO                     0x08005213   Data           3  cpal_i2c_hal_stm32f4xx.o(.constdata)
    I2C_IT_DMARX_PREPRIO                     0x08005216   Data           3  cpal_i2c_hal_stm32f4xx.o(.constdata)
    I2C_IT_DMARX_SUBPRIO                     0x08005219   Data           3  cpal_i2c_hal_stm32f4xx.o(.constdata)
    CPAL_I2C_DMA_TX_TC_FLAG                  0x0800521c   Data          12  cpal_i2c_hal_stm32f4xx.o(.constdata)
    CPAL_I2C_DMA_TX_HT_FLAG                  0x08005228   Data          12  cpal_i2c_hal_stm32f4xx.o(.constdata)
    CPAL_I2C_DMA_TX_TE_FLAG                  0x08005234   Data          12  cpal_i2c_hal_stm32f4xx.o(.constdata)
    CPAL_I2C_DMA_RX_TC_FLAG                  0x08005240   Data          12  cpal_i2c_hal_stm32f4xx.o(.constdata)
    CPAL_I2C_DMA_RX_HT_FLAG                  0x0800524c   Data          12  cpal_i2c_hal_stm32f4xx.o(.constdata)
    CPAL_I2C_DMA_RX_TE_FLAG                  0x08005258   Data          12  cpal_i2c_hal_stm32f4xx.o(.constdata)
    Region$$Table$$Base                      0x08005264   Number         0  anon$$obj.o(Region$$Table)
    Region$$Table$$Limit                     0x08005284   Number         0  anon$$obj.o(Region$$Table)
    SystemCoreClock                          0x20000000   Data           4  system_stm32f4xx.o(.data)
    AHBPrescTable                            0x20000004   Data          16  system_stm32f4xx.o(.data)
    gg                                       0x20000028   Data           1  usart.o(.data)
    __stdout                                 0x2000002c   Data           4  usart.o(.data)
    USART_RX_STA                             0x20000030   Data           2  usart.o(.data)
    I2C_DevStructures                        0x20000034   Data          12  cpal_i2c_hal_stm32f4xx.o(.data)
    I2C2_DevStructure                        0x20000040   Data          32  cpal_i2c_hal_stm32f4xx.o(.data)
    CPAL_I2C_DEVICE                          0x20000060   Data          12  cpal_i2c_hal_stm32f4xx.o(.data)
    CPAL_I2C_SCL_GPIO_PORT                   0x2000006c   Data          12  cpal_i2c_hal_stm32f4xx.o(.data)
    CPAL_I2C_SDA_GPIO_PORT                   0x20000078   Data          12  cpal_i2c_hal_stm32f4xx.o(.data)
    CPAL_I2C_DMA_TX_Stream                   0x20000084   Data          12  cpal_i2c_hal_stm32f4xx.o(.data)
    CPAL_I2C_DMA_RX_Stream                   0x20000090   Data          12  cpal_i2c_hal_stm32f4xx.o(.data)
    CPAL_I2C_DMA                             0x2000009c   Data          12  cpal_i2c_hal_stm32f4xx.o(.data)
    ActionState                              0x200000a8   Data           4  i2c3_master.o(.data)
    TransmitMode                             0x200000ac   Data           4  i2c3_master.o(.data)
    DeviceMode                               0x200000b0   Data           4  i2c3_master.o(.data)
    LastMode                                 0x200000b4   Data           4  i2c3_master.o(.data)
    USART_RX_BUF                             0x200000bc   Data         200  usart.o(.bss)
    uhADCConvertedValue                      0x20000184   Data          10  adc.o(.bss)
    I2C_InitStructure                        0x20000190   Data          16  cpal_i2c.o(.bss)
    CPAL_DMA_InitStructure                   0x200001a0   Data          60  cpal_i2c_hal_stm32f4xx.o(.bss)
    Rxbuf                                    0x200001dc   Data          90  i2c3_master.o(.bss)
    Txbuf                                    0x20000236   Data          55  i2c3_master.o(.bss)
    IIC_RxBuffer                             0x2000026d   Data          90  i2c3_master.o(.bss)
    IIC_TxBuffer                             0x200002c7   Data          90  i2c3_master.o(.bss)
    sRxStructure                             0x20000324   Data          16  i2c3_master.o(.bss)
    sTxStructure                             0x20000334   Data          16  i2c3_master.o(.bss)
    __libspace_start                         0x20000344   Data          96  libspace.o(.bss)
    __temporary_stack_top$libspace           0x200003a4   Data           0  libspace.o(.bss)



==============================================================================

Memory Map of the image

  Image Entry point : 0x08000189

  Load Region LR_IROM1 (Base: 0x08000000, Size: 0x00005340, Max: 0x00100000, ABSOLUTE)

    Execution Region ER_IROM1 (Base: 0x08000000, Size: 0x00005284, Max: 0x00100000, ABSOLUTE)

    Base Addr    Size         Type   Attr      Idx    E Section Name        Object

    0x08000000   0x00000188   Data   RO         1127    RESET               startup_stm32f40_41xxx.o
    0x08000188   0x00000008   Code   RO         1451  * !!!main             c_w.l(__main.o)
    0x08000190   0x00000034   Code   RO         1613    !!!scatter          c_w.l(__scatter.o)
    0x080001c4   0x0000001a   Code   RO         1615    !!handler_copy      c_w.l(__scatter_copy.o)
    0x080001de   0x00000002   PAD
    0x080001e0   0x0000001c   Code   RO         1617    !!handler_zi        c_w.l(__scatter_zi.o)
    0x080001fc   0x00000002   Code   RO         1490    .ARM.Collect$$libinit$$00000000  c_w.l(libinit.o)
    0x080001fe   0x00000004   Code   RO         1496    .ARM.Collect$$libinit$$00000001  c_w.l(libinit2.o)
    0x08000202   0x00000000   Code   RO         1500    .ARM.Collect$$libinit$$00000008  c_w.l(libinit2.o)
    0x08000202   0x00000000   Code   RO         1502    .ARM.Collect$$libinit$$0000000A  c_w.l(libinit2.o)
    0x08000202   0x00000000   Code   RO         1504    .ARM.Collect$$libinit$$0000000C  c_w.l(libinit2.o)
    0x08000202   0x00000000   Code   RO         1507    .ARM.Collect$$libinit$$0000000F  c_w.l(libinit2.o)
    0x08000202   0x00000000   Code   RO         1509    .ARM.Collect$$libinit$$00000011  c_w.l(libinit2.o)
    0x08000202   0x00000000   Code   RO         1511    .ARM.Collect$$libinit$$00000013  c_w.l(libinit2.o)
    0x08000202   0x00000000   Code   RO         1513    .ARM.Collect$$libinit$$00000015  c_w.l(libinit2.o)
    0x08000202   0x00000000   Code   RO         1515    .ARM.Collect$$libinit$$00000017  c_w.l(libinit2.o)
    0x08000202   0x00000000   Code   RO         1517    .ARM.Collect$$libinit$$00000019  c_w.l(libinit2.o)
    0x08000202   0x00000000   Code   RO         1519    .ARM.Collect$$libinit$$0000001B  c_w.l(libinit2.o)
    0x08000202   0x00000000   Code   RO         1521    .ARM.Collect$$libinit$$0000001D  c_w.l(libinit2.o)
    0x08000202   0x00000000   Code   RO         1523    .ARM.Collect$$libinit$$0000001F  c_w.l(libinit2.o)
    0x08000202   0x00000000   Code   RO         1525    .ARM.Collect$$libinit$$00000021  c_w.l(libinit2.o)
    0x08000202   0x00000000   Code   RO         1527    .ARM.Collect$$libinit$$00000023  c_w.l(libinit2.o)
    0x08000202   0x00000000   Code   RO         1531    .ARM.Collect$$libinit$$0000002A  c_w.l(libinit2.o)
    0x08000202   0x00000000   Code   RO         1533    .ARM.Collect$$libinit$$0000002C  c_w.l(libinit2.o)
    0x08000202   0x00000000   Code   RO         1535    .ARM.Collect$$libinit$$0000002E  c_w.l(libinit2.o)
    0x08000202   0x00000000   Code   RO         1537    .ARM.Collect$$libinit$$00000030  c_w.l(libinit2.o)
    0x08000202   0x00000002   Code   RO         1538    .ARM.Collect$$libinit$$00000031  c_w.l(libinit2.o)
    0x08000204   0x00000002   Code   RO         1556    .ARM.Collect$$libshutdown$$00000000  c_w.l(libshutdown.o)
    0x08000206   0x00000000   Code   RO         1567    .ARM.Collect$$libshutdown$$00000003  c_w.l(libshutdown2.o)
    0x08000206   0x00000000   Code   RO         1570    .ARM.Collect$$libshutdown$$00000006  c_w.l(libshutdown2.o)
    0x08000206   0x00000000   Code   RO         1573    .ARM.Collect$$libshutdown$$00000009  c_w.l(libshutdown2.o)
    0x08000206   0x00000000   Code   RO         1575    .ARM.Collect$$libshutdown$$0000000B  c_w.l(libshutdown2.o)
    0x08000206   0x00000000   Code   RO         1578    .ARM.Collect$$libshutdown$$0000000E  c_w.l(libshutdown2.o)
    0x08000206   0x00000002   Code   RO         1579    .ARM.Collect$$libshutdown$$0000000F  c_w.l(libshutdown2.o)
    0x08000208   0x00000000   Code   RO         1455    .ARM.Collect$$rtentry$$00000000  c_w.l(rtentry.o)
    0x08000208   0x00000000   Code   RO         1459    .ARM.Collect$$rtentry$$00000002  c_w.l(rtentry2.o)
    0x08000208   0x00000006   Code   RO         1471    .ARM.Collect$$rtentry$$00000004  c_w.l(rtentry4.o)
    0x0800020e   0x00000000   Code   RO         1461    .ARM.Collect$$rtentry$$00000009  c_w.l(rtentry2.o)
    0x0800020e   0x00000004   Code   RO         1462    .ARM.Collect$$rtentry$$0000000A  c_w.l(rtentry2.o)
    0x08000212   0x00000000   Code   RO         1464    .ARM.Collect$$rtentry$$0000000C  c_w.l(rtentry2.o)
    0x08000212   0x00000008   Code   RO         1465    .ARM.Collect$$rtentry$$0000000D  c_w.l(rtentry2.o)
    0x0800021a   0x00000002   Code   RO         1494    .ARM.Collect$$rtexit$$00000000  c_w.l(rtexit.o)
    0x0800021c   0x00000000   Code   RO         1540    .ARM.Collect$$rtexit$$00000002  c_w.l(rtexit2.o)
    0x0800021c   0x00000004   Code   RO         1541    .ARM.Collect$$rtexit$$00000003  c_w.l(rtexit2.o)
    0x08000220   0x00000006   Code   RO         1542    .ARM.Collect$$rtexit$$00000004  c_w.l(rtexit2.o)
    0x08000226   0x00000002   PAD
    0x08000228   0x00000184   Code   RO            3    .text               main.o
    0x080003ac   0x00000018   Code   RO          212    .text               stm32f4xx_it.o
    0x080003c4   0x00000210   Code   RO          261    .text               system_stm32f4xx.o
    0x080005d4   0x000000e0   Code   RO          384    .text               misc.o
    0x080006b4   0x00000464   Code   RO          430    .text               stm32f4xx_adc.o
    0x08000b18   0x000003a8   Code   RO          653    .text               stm32f4xx_dma.o
    0x08000ec0   0x00000294   Code   RO          759    .text               stm32f4xx_gpio.o
    0x08001154   0x00000456   Code   RO          839    .text               stm32f4xx_i2c.o
    0x080015aa   0x00000002   PAD
    0x080015ac   0x0000065c   Code   RO          922    .text               stm32f4xx_rcc.o
    0x08001c08   0x00000ca2   Code   RO         1067    .text               stm32f4xx_tim.o
    0x080028aa   0x00000002   PAD
    0x080028ac   0x00000454   Code   RO         1087    .text               stm32f4xx_usart.o
    0x08002d00   0x00000040   Code   RO         1128    .text               startup_stm32f40_41xxx.o
    0x08002d40   0x00000104   Code   RO         1134    .text               delay.o
    0x08002e44   0x00000158   Code   RO         1180    .text               usart.o
    0x08002f9c   0x000000e0   Code   RO         1231    .text               timer.o
    0x0800307c   0x000001ac   Code   RO         1281    .text               adc.o
    0x08003228   0x00000084   Code   RO         1304    .text               cpal_usercallback.o
    0x080032ac   0x0000000c   Code   RO         1328    .text               cpal_hal.o
    0x080032b8   0x000016b8   Code   RO         1352    .text               cpal_i2c.o
    0x08004970   0x00000494   Code   RO         1383    .text               cpal_i2c_hal_stm32f4xx.o
    0x08004e04   0x00000270   Code   RO         1414    .text               i2c3_master.o
    0x08005074   0x00000002   Code   RO         1443    .text               c_w.l(use_no_semi_2.o)
    0x08005076   0x00000002   PAD
    0x08005078   0x00000018   Code   RO         1447    .text               c_w.l(noretval__2printf.o)
    0x08005090   0x00000006   Code   RO         1449    .text               c_w.l(heapauxi.o)
    0x08005096   0x00000002   Code   RO         1453    .text               c_w.l(use_no_semi.o)
    0x08005098   0x00000024   Code   RO         1456    .text               c_w.l(_printf_char_file.o)
    0x080050bc   0x00000030   Code   RO         1473    .text               c_w.l(_printf_char_common.o)
    0x080050ec   0x00000008   Code   RO         1475    .text               c_w.l(ferror.o)
    0x080050f4   0x0000004a   Code   RO         1479    .text               c_w.l(sys_stackheap_outer.o)
    0x0800513e   0x00000028   Code   RO         1481    .text               c_w.l(__printf_nopercent.o)
    0x08005166   0x0000000c   Code   RO         1483    .text               c_w.l(exit.o)
    0x08005172   0x00000002   PAD
    0x08005174   0x00000008   Code   RO         1491    .text               c_w.l(libspace.o)
    0x0800517c   0x0000000a   Code   RO         1548    x$fpl$fpinit        fz_wm.l(fpinit.o)
    0x08005186   0x00000002   PAD
    0x08005188   0x000000dc   Data   RO         1385    .constdata          cpal_i2c_hal_stm32f4xx.o
    0x08005264   0x00000020   Data   RO         1611    Region$$Table       anon$$obj.o


    Execution Region RW_IRAM1 (Base: 0x20000000, Size: 0x000009a8, Max: 0x00020000, ABSOLUTE)

    Base Addr    Size         Type   Attr      Idx    E Section Name        Object

    0x20000000   0x00000014   Data   RW          262    .data               system_stm32f4xx.o
    0x20000014   0x00000010   Data   RW          923    .data               stm32f4xx_rcc.o
    0x20000024   0x00000004   Data   RW         1135    .data               delay.o
    0x20000028   0x0000000a   Data   RW         1182    .data               usart.o
    0x20000032   0x00000002   PAD
    0x20000034   0x00000074   Data   RW         1386    .data               cpal_i2c_hal_stm32f4xx.o
    0x200000a8   0x00000011   Data   RW         1416    .data               i2c3_master.o
    0x200000b9   0x00000003   PAD
    0x200000bc   0x000000c8   Zero   RW         1181    .bss                usart.o
    0x20000184   0x0000000a   Zero   RW         1282    .bss                adc.o
    0x2000018e   0x00000002   PAD
    0x20000190   0x00000010   Zero   RW         1353    .bss                cpal_i2c.o
    0x200001a0   0x0000003c   Zero   RW         1384    .bss                cpal_i2c_hal_stm32f4xx.o
    0x200001dc   0x00000168   Zero   RW         1415    .bss                i2c3_master.o
    0x20000344   0x00000060   Zero   RW         1492    .bss                c_w.l(libspace.o)
    0x200003a4   0x00000004   PAD
    0x200003a8   0x00000200   Zero   RW         1126    HEAP                startup_stm32f40_41xxx.o
    0x200005a8   0x00000400   Zero   RW         1125    STACK               startup_stm32f40_41xxx.o


==============================================================================

Image component sizes


      Code (inc. data)   RO Data    RW Data    ZI Data      Debug   Object Name

       428         42          0          0         10       1745   adc.o
        12          0          0          0          0       2710   cpal_hal.o
      5816        106          0          0         16      35343   cpal_i2c.o
      1172        122        220        116         60       9395   cpal_i2c_hal_stm32f4xx.o
       132         12          0          0          0       1416   cpal_usercallback.o
       260          8          0          4          0       1453   delay.o
       624         56          0         17        360       6325   i2c3_master.o
       388         68          0          0          0     288917   main.o
       224         20          0          0          0     244841   misc.o
        64         26        392          0       1536        832   startup_stm32f40_41xxx.o
      1124         24          0          0          0      10510   stm32f4xx_adc.o
       936         32          0          0          0       6313   stm32f4xx_dma.o
       660         44          0          0          0       4113   stm32f4xx_gpio.o
      1110         26          0          0          0       8563   stm32f4xx_i2c.o
        24          0          0          0          0     244138   stm32f4xx_it.o
      1628         52          0         16          0      12912   stm32f4xx_rcc.o
      3234         60          0          0          0      22316   stm32f4xx_tim.o
      1108         34          0          0          0       7812   stm32f4xx_usart.o
       528         46          0         20          0      70279   system_stm32f4xx.o
       224         18          0          0          0       1022   timer.o
       344         20          0         10        200       3385   usart.o

    ----------------------------------------------------------------------
     20044        816        644        188       2184     984340   Object Totals
         0          0         32          0          0          0   (incl. Generated)
         4          0          0          5          2          0   (incl. Padding)

    ----------------------------------------------------------------------

      Code (inc. data)   RO Data    RW Data    ZI Data      Debug   Library Member Name

         8          0          0          0          0         68   __main.o
        40          0          0          0          0         84   __printf_nopercent.o
        52          8          0          0          0          0   __scatter.o
        26          0          0          0          0          0   __scatter_copy.o
        28          0          0          0          0          0   __scatter_zi.o
        48          6          0          0          0         96   _printf_char_common.o
        36          4          0          0          0         80   _printf_char_file.o
        12          0          0          0          0         72   exit.o
         8          0          0          0          0         68   ferror.o
         6          0          0          0          0        152   heapauxi.o
         2          0          0          0          0          0   libinit.o
         6          0          0          0          0          0   libinit2.o
         2          0          0          0          0          0   libshutdown.o
         2          0          0          0          0          0   libshutdown2.o
         8          4          0          0         96         68   libspace.o
        24          4          0          0          0         84   noretval__2printf.o
         0          0          0          0          0          0   rtentry.o
        12          0          0          0          0          0   rtentry2.o
         6          0          0          0          0          0   rtentry4.o
         2          0          0          0          0          0   rtexit.o
        10          0          0          0          0          0   rtexit2.o
        74          0          0          0          0         80   sys_stackheap_outer.o
         2          0          0          0          0         68   use_no_semi.o
         2          0          0          0          0         68   use_no_semi_2.o
        10          0          0          0          0        116   fpinit.o

    ----------------------------------------------------------------------
       436         26          0          0        100       1104   Library Totals
        10          0          0          0          4          0   (incl. Padding)

    ----------------------------------------------------------------------

      Code (inc. data)   RO Data    RW Data    ZI Data      Debug   Library Name

       416         26          0          0         96        988   c_w.l
        10          0          0          0          0        116   fz_wm.l

    ----------------------------------------------------------------------
       436         26          0          0        100       1104   Library Totals

    ----------------------------------------------------------------------

==============================================================================


      Code (inc. data)   RO Data    RW Data    ZI Data      Debug   

     20480        842        644        188       2284     980328   Grand Totals
     20480        842        644        188       2284     980328   ELF Image Totals
     20480        842        644        188          0          0   ROM Totals

==============================================================================

    Total RO  Size (Code + RO Data)                21124 (  20.63kB)
    Total RW  Size (RW Data + ZI Data)              2472 (   2.41kB)
    Total ROM Size (Code + RO Data + RW Data)      21312 (  20.81kB)

==============================================================================

